Archive member included because of file (symbol)

/opt/toolchains/gen/m68k-elf/lib/libmd.a(sys.o)
                              boot/sega.o (_start_entry)
/opt/toolchains/gen/m68k-elf/lib/libmd.a(vdp.o)
                              /opt/toolchains/gen/m68k-elf/lib/libmd.a(sys.o) (VDP_init)
/opt/toolchains/gen/m68k-elf/lib/libmd.a(tools.o)
                              /opt/toolchains/gen/m68k-elf/lib/libmd.a(vdp.o) (getFPS)
/opt/toolchains/gen/m68k-elf/lib/libmd.a(memory.o)
                              /opt/toolchains/gen/m68k-elf/lib/libmd.a(sys.o) (MEM_init)
/opt/toolchains/gen/m68k-elf/lib/libmd.a(timer.o)
                              /opt/toolchains/gen/m68k-elf/lib/libmd.a(tools.o) (getSubTick)
/opt/toolchains/gen/m68k-elf/lib/libmd.a(z80_ctrl.o)
                              /opt/toolchains/gen/m68k-elf/lib/libmd.a(sys.o) (Z80_init)
/opt/toolchains/gen/m68k-elf/lib/libmd.a(ym2612.o)
                              /opt/toolchains/gen/m68k-elf/lib/libmd.a(z80_ctrl.o) (YM2612_reset)
/opt/toolchains/gen/m68k-elf/lib/libmd.a(vdp_pal.o)
                              /opt/toolchains/gen/m68k-elf/lib/libmd.a(sys.o) (VDP_doStepFading)
/opt/toolchains/gen/m68k-elf/lib/libmd.a(psg.o)
                              /opt/toolchains/gen/m68k-elf/lib/libmd.a(sys.o) (PSG_init)
/opt/toolchains/gen/m68k-elf/lib/libmd.a(z80_vgm.o)
                              /opt/toolchains/gen/m68k-elf/lib/libmd.a(z80_ctrl.o) (z80_vgm)
/opt/toolchains/gen/m68k-elf/lib/libmd.a(vdp_tile.o)
                              /opt/toolchains/gen/m68k-elf/lib/libmd.a(vdp.o) (VDP_loadFont)
/opt/toolchains/gen/m68k-elf/lib/libmd.a(vdp_spr.o)
                              /opt/toolchains/gen/m68k-elf/lib/libmd.a(vdp.o) (VDP_resetSprites)
/opt/toolchains/gen/m68k-elf/lib/libmd.a(tab_cnv.o)
                              /opt/toolchains/gen/m68k-elf/lib/libmd.a(vdp_tile.o) (cnv_8to32_tab)
/opt/toolchains/gen/m68k-elf/lib/libmd.a(vdp_dma.o)
                              /opt/toolchains/gen/m68k-elf/lib/libmd.a(vdp_tile.o) (VDP_doDMA)
/opt/toolchains/gen/m68k-elf/lib/libmd.a(bmp.o)
                              /opt/toolchains/gen/m68k-elf/lib/libmd.a(sys.o) (BMP_doVBlankProcess)
/opt/toolchains/gen/m68k-elf/lib/libmd.a(tile_cache.o)
                              /opt/toolchains/gen/m68k-elf/lib/libmd.a(sys.o) (uploads)
/opt/toolchains/gen/m68k-elf/lib/libmd.a(vdp_bg.o)
                              /opt/toolchains/gen/m68k-elf/lib/libmd.a(vdp.o) (VDP_setVerticalScroll)
/opt/toolchains/gen/m68k-elf/lib/libmd.a(smp_null_pcm.o)
                              /opt/toolchains/gen/m68k-elf/lib/libmd.a(z80_ctrl.o) (smp_null_pcm)
/opt/toolchains/gen/m68k-elf/lib/libmd.a(vdp_tile_a.o)
                              /opt/toolchains/gen/m68k-elf/lib/libmd.a(vdp_tile.o) (VDP_loadTileData)
/opt/toolchains/gen/m68k-elf/lib/libmd.a(memory_a.o)
                              /opt/toolchains/gen/m68k-elf/lib/libmd.a(memory.o) (memset)
/opt/toolchains/gen/m68k-elf/lib/libmd.a(vdp_pal_a.o)
                              /opt/toolchains/gen/m68k-elf/lib/libmd.a(vdp_pal.o) (VDP_getPaletteColors)
/opt/toolchains/gen/m68k-elf/lib/libmd.a(sys_a.o)
                              /opt/toolchains/gen/m68k-elf/lib/libmd.a(timer.o) (SYS_getInterruptMaskLevel)
/opt/toolchains/gen/m68k-elf/lib/libmd.a(kdebug.o)
                              /opt/toolchains/gen/m68k-elf/lib/libmd.a(tools.o) (KDebug_Alert)
/opt/toolchains/gen/m68k-elf/lib/libmd.a(bmp_a.o)
                              /opt/toolchains/gen/m68k-elf/lib/libmd.a(bmp.o) (clearBitmapBuffer)
/opt/toolchains/gen/m68k-elf/lib/libmd.a(smp_null.o)
                              /opt/toolchains/gen/m68k-elf/lib/libmd.a(z80_ctrl.o) (smp_null)
/opt/toolchains/gen/m68k-elf/lib/libmd.a(tools_a.o)
                              /opt/toolchains/gen/m68k-elf/lib/libmd.a(tools.o) (aplib_unpack)
/opt/toolchains/gen/m68k-elf/lib/libmd.a(z80_drv1.o)
                              /opt/toolchains/gen/m68k-elf/lib/libmd.a(z80_ctrl.o) (z80_drv1)
/opt/toolchains/gen/m68k-elf/lib/libmd.a(z80_tfm.o)
                              /opt/toolchains/gen/m68k-elf/lib/libmd.a(z80_ctrl.o) (z80_tfm)
/opt/toolchains/gen/m68k-elf/lib/libmd.a(z80_drv2.o)
                              /opt/toolchains/gen/m68k-elf/lib/libmd.a(z80_ctrl.o) (z80_drv2)
/opt/toolchains/gen/m68k-elf/lib/libmd.a(z80_drv3.o)
                              /opt/toolchains/gen/m68k-elf/lib/libmd.a(z80_ctrl.o) (z80_drv3)
/opt/toolchains/gen/m68k-elf/lib/libmd.a(z80_xgm.o)
                              /opt/toolchains/gen/m68k-elf/lib/libmd.a(z80_ctrl.o) (z80_xgm)
/opt/toolchains/gen/m68k-elf/lib/libmd.a(z80_mvs.o)
                              /opt/toolchains/gen/m68k-elf/lib/libmd.a(z80_ctrl.o) (z80_mvs)
/opt/toolchains/gen/m68k-elf/lib/libmd.a(libres.o)
                              /opt/toolchains/gen/m68k-elf/lib/libmd.a(vdp.o) (font_lib)
/opt/toolchains/gen/m68k-elf/lib/libmd.a(tab_vol.o)
                              /opt/toolchains/gen/m68k-elf/lib/libmd.a(z80_ctrl.o) (tab_vol)
/opt/toolchains/gen/m68k-elf/lib/libmd.a(maths.o)
                              /opt/toolchains/gen/m68k-elf/lib/libmd.a(sys.o) (randbase)
/opt/toolchains/gen/m68k-elf/lib/libmd.a(sprite_eng.o)
                              /opt/toolchains/gen/m68k-elf/lib/libmd.a(sys.o) (SPR_doVBlankProcess)
/opt/toolchains/gen/m68k-elf/lib/libmd.a(string.o)
                              /opt/toolchains/gen/m68k-elf/lib/libmd.a(sys.o) (strlen)
/opt/toolchains/gen/m68k-elf/lib/libmd.a(joy.o)
                              /opt/toolchains/gen/m68k-elf/lib/libmd.a(sys.o) (JOY_init)
/opt/toolchains/gen/m68k-elf/lib/libmd.a(types.o)
                              /opt/toolchains/gen/m68k-elf/lib/libmd.a(z80_ctrl.o) (getZeroU8)
/opt/toolchains/gen/m68k-elf/lib/gcc/m68k-elf/4.8.2/libgcc.a(_mulsi3.o)
                              /opt/toolchains/gen/m68k-elf/lib/libmd.a(tools.o) (__mulsi3)
/opt/toolchains/gen/m68k-elf/lib/gcc/m68k-elf/4.8.2/libgcc.a(_udivsi3.o)
                              /opt/toolchains/gen/m68k-elf/lib/libmd.a(tools.o) (__udivsi3)
/opt/toolchains/gen/m68k-elf/lib/gcc/m68k-elf/4.8.2/libgcc.a(_divsi3.o)
                              /opt/toolchains/gen/m68k-elf/lib/libmd.a(vdp_pal.o) (__divsi3)
/opt/toolchains/gen/m68k-elf/lib/gcc/m68k-elf/4.8.2/libgcc.a(_umodsi3.o)
                              /opt/toolchains/gen/m68k-elf/lib/libmd.a(string.o) (__umodsi3)
/opt/toolchains/gen/m68k-elf/m68k-elf/lib/libc.a(lib_a-calloc.o)
                              src/simpletextview.o (calloc)
/opt/toolchains/gen/m68k-elf/m68k-elf/lib/libc.a(lib_a-callocr.o)
                              /opt/toolchains/gen/m68k-elf/m68k-elf/lib/libc.a(lib_a-calloc.o) (_calloc_r)
/opt/toolchains/gen/m68k-elf/m68k-elf/lib/libc.a(lib_a-impure.o)
                              /opt/toolchains/gen/m68k-elf/m68k-elf/lib/libc.a(lib_a-calloc.o) (_impure_ptr)
/opt/toolchains/gen/m68k-elf/m68k-elf/lib/libc.a(lib_a-malloc.o)
                              src/baseview.o (malloc)
/opt/toolchains/gen/m68k-elf/m68k-elf/lib/libc.a(lib_a-mallocr.o)
                              /opt/toolchains/gen/m68k-elf/m68k-elf/lib/libc.a(lib_a-callocr.o) (_malloc_r)
/opt/toolchains/gen/m68k-elf/m68k-elf/lib/libc.a(lib_a-mlock.o)
                              /opt/toolchains/gen/m68k-elf/m68k-elf/lib/libc.a(lib_a-mallocr.o) (__malloc_lock)
/opt/toolchains/gen/m68k-elf/m68k-elf/lib/libc.a(lib_a-realloc.o)
                              src/baseview.o (realloc)
/opt/toolchains/gen/m68k-elf/m68k-elf/lib/libc.a(lib_a-reallocr.o)
                              /opt/toolchains/gen/m68k-elf/m68k-elf/lib/libc.a(lib_a-realloc.o) (_realloc_r)
/opt/toolchains/gen/m68k-elf/m68k-elf/lib/libc.a(lib_a-sbrkr.o)
                              /opt/toolchains/gen/m68k-elf/m68k-elf/lib/libc.a(lib_a-mallocr.o) (_sbrk_r)
/opt/toolchains/gen/m68k-elf/m68k-elf/lib/libc.a(lib_a-freer.o)
                              /opt/toolchains/gen/m68k-elf/m68k-elf/lib/libc.a(lib_a-malloc.o) (_free_r)
/opt/toolchains/gen/m68k-elf/m68k-elf/lib/libc.a(lib_a-memmove.o)
                              /opt/toolchains/gen/m68k-elf/m68k-elf/lib/libc.a(lib_a-reallocr.o) (memmove)
/opt/toolchains/gen/m68k-elf/m68k-elf/lib/libc.a(lib_a-reent.o)
                              /opt/toolchains/gen/m68k-elf/m68k-elf/lib/libc.a(lib_a-sbrkr.o) (errno)
/opt/toolchains/gen/m68k-elf/m68k-elf/lib/libnosys.a(sbrk.o)
                              /opt/toolchains/gen/m68k-elf/m68k-elf/lib/libc.a(lib_a-sbrkr.o) (sbrk)

Allocating common symbols
Common symbol       size              file

illegalInstCB       0x4               /opt/toolchains/gen/m68k-elf/lib/libmd.a(sys.o)
slist_adr           0x2               /opt/toolchains/gen/m68k-elf/lib/libmd.a(vdp.o)
errorExceptionCB    0x4               /opt/toolchains/gen/m68k-elf/lib/libmd.a(sys.o)
trapvInstCB         0x4               /opt/toolchains/gen/m68k-elf/lib/libmd.a(sys.o)
vtimer              0x4               /opt/toolchains/gen/m68k-elf/lib/libmd.a(timer.o)
chkInstCB           0x4               /opt/toolchains/gen/m68k-elf/lib/libmd.a(sys.o)
errno               0x4               /opt/toolchains/gen/m68k-elf/m68k-elf/lib/libc.a(lib_a-reent.o)
registerState       0x40              /opt/toolchains/gen/m68k-elf/lib/libmd.a(sys.o)
text_basetile       0x2               /opt/toolchains/gen/m68k-elf/lib/libmd.a(vdp_bg.o)
bmp_buffer_write    0x4               /opt/toolchains/gen/m68k-elf/lib/libmd.a(bmp.o)
srState             0x2               /opt/toolchains/gen/m68k-elf/lib/libmd.a(sys.o)
line1x1xCB          0x4               /opt/toolchains/gen/m68k-elf/lib/libmd.a(sys.o)
randbase            0x2               /opt/toolchains/gen/m68k-elf/lib/libmd.a(maths.o)
ext2State           0x2               /opt/toolchains/gen/m68k-elf/lib/libmd.a(sys.o)
traceCB             0x4               /opt/toolchains/gen/m68k-elf/lib/libmd.a(sys.o)
intTrace            0x2               /opt/toolchains/gen/m68k-elf/lib/libmd.a(sys.o)
zeroDivideCB        0x4               /opt/toolchains/gen/m68k-elf/lib/libmd.a(sys.o)
curTileInd          0x2               /opt/toolchains/gen/m68k-elf/lib/libmd.a(vdp_bg.o)
hscrl_adr           0x2               /opt/toolchains/gen/m68k-elf/lib/libmd.a(vdp.o)
internalExtIntCB    0x4               /opt/toolchains/gen/m68k-elf/lib/libmd.a(sys.o)
spriteNum           0x2               /opt/toolchains/gen/m68k-elf/lib/libmd.a(vdp_spr.o)
text_plan           0x4               /opt/toolchains/gen/m68k-elf/lib/libmd.a(vdp_bg.o)
screenHeight        0x2               /opt/toolchains/gen/m68k-elf/lib/libmd.a(vdp.o)
internalVIntCB      0x4               /opt/toolchains/gen/m68k-elf/lib/libmd.a(sys.o)
intCB               0x4               /opt/toolchains/gen/m68k-elf/lib/libmd.a(sys.o)
screenWidth         0x2               /opt/toolchains/gen/m68k-elf/lib/libmd.a(vdp.o)
addressErrorCB      0x4               /opt/toolchains/gen/m68k-elf/lib/libmd.a(sys.o)
bmp_buffer_read     0x4               /opt/toolchains/gen/m68k-elf/lib/libmd.a(bmp.o)
VIntProcess         0x4               /opt/toolchains/gen/m68k-elf/lib/libmd.a(sys.o)
vdpSpriteCache      0x280             /opt/toolchains/gen/m68k-elf/lib/libmd.a(vdp_spr.o)
uploads             0x4               /opt/toolchains/gen/m68k-elf/lib/libmd.a(tile_cache.o)
ExtIntProcess       0x4               /opt/toolchains/gen/m68k-elf/lib/libmd.a(sys.o)
aplan_adr           0x2               /opt/toolchains/gen/m68k-elf/lib/libmd.a(vdp.o)
bplan_adr           0x2               /opt/toolchains/gen/m68k-elf/lib/libmd.a(vdp.o)
HIntProcess         0x4               /opt/toolchains/gen/m68k-elf/lib/libmd.a(sys.o)
privilegeViolationCB
                    0x4               /opt/toolchains/gen/m68k-elf/lib/libmd.a(sys.o)
pcState             0x4               /opt/toolchains/gen/m68k-elf/lib/libmd.a(sys.o)
ext1State           0x2               /opt/toolchains/gen/m68k-elf/lib/libmd.a(sys.o)
busErrorCB          0x4               /opt/toolchains/gen/m68k-elf/lib/libmd.a(sys.o)
TILES_USED          0x2               res/globals.o
VDPSpriteCache      0x4               /opt/toolchains/gen/m68k-elf/lib/libmd.a(sprite_eng.o)
internalHIntCB      0x4               /opt/toolchains/gen/m68k-elf/lib/libmd.a(sys.o)
window_adr          0x2               /opt/toolchains/gen/m68k-elf/lib/libmd.a(vdp.o)
addrState           0x4               /opt/toolchains/gen/m68k-elf/lib/libmd.a(sys.o)

Memory Configuration

Name             Origin             Length             Attributes
rom              0x0000000000000000 0x0000000000a00000
ram              0x0000000000ff0000 0x0000000000010000
*default*        0x0000000000000000 0xffffffffffffffff

Linker script and memory map

LOAD boot/sega.o
LOAD /opt/toolchains/gen/m68k-elf/lib/libmd.a
LOAD /opt/toolchains/gen/m68k-elf/lib/gcc/m68k-elf/4.8.2/libgcc.a
LOAD src/boxview.o
LOAD src/baseview.o
LOAD src/utility.o
LOAD src/simpletextview.o
LOAD src/main.o
LOAD src/jsmn.o
LOAD src/romble.o
LOAD res/globals.o
LOAD /opt/toolchains/gen/m68k-elf/lib/libmd.a
LOAD /opt/toolchains/gen/m68k-elf/m68k-elf/lib/libc.a
LOAD /opt/toolchains/gen/m68k-elf/lib/gcc/m68k-elf/4.8.2/libgcc.a
LOAD /opt/toolchains/gen/m68k-elf/m68k-elf/lib/libnosys.a
LOAD /opt/toolchains/gen/m68k-elf/m68k-elf/lib/libm.a
                0x0000000000000000                __DYNAMIC = 0x0
                0x0000000001000000                PROVIDE (__stack, 0x1000000)

.text           0x0000000000000000    0x167b4
 *(.text .text.*)
 .text          0x0000000000000000      0x50e boot/sega.o
 *fill*         0x000000000000050e        0x2 
 .text          0x0000000000000510      0x990 /opt/toolchains/gen/m68k-elf/lib/libmd.a(sys.o)
                0x0000000000000510                _trace_callback
                0x0000000000000512                _line1x1x_callback
                0x0000000000000514                _int_callback
                0x0000000000000516                _extint_callback
                0x0000000000000904                _buserror_callback
                0x000000000000092c                _addresserror_callback
                0x00000000000009e0                _illegalinst_callback
                0x0000000000000a08                _chkinst_callback
                0x0000000000000a30                _trapvinst_callback
                0x0000000000000a58                _vint_callback
                0x0000000000000b3a                _hint_callback
                0x0000000000000c6a                _zerodivide_callback
                0x0000000000000c92                _privilegeviolation_callback
                0x0000000000000cba                _errorexception_callback
                0x0000000000000ce2                _start_entry
                0x0000000000000d96                _reset_entry
                0x0000000000000da6                SYS_disableInts
                0x0000000000000dd6                SYS_enableInts
                0x0000000000000e02                SYS_setVIntCallback
                0x0000000000000e0c                SYS_setHIntCallback
                0x0000000000000e16                SYS_setExtIntCallback
                0x0000000000000e20                SYS_isInVIntCallback
                0x0000000000000e2c                SYS_isInHIntCallback
                0x0000000000000e38                SYS_isInExtIntCallback
                0x0000000000000e44                SYS_isInInterrupt
                0x0000000000000e4c                SYS_die
 .text          0x0000000000000ea0      0x886 /opt/toolchains/gen/m68k-elf/lib/libmd.a(vdp.o)
                0x0000000000000ea0                VDP_getReg
                0x0000000000000ec0                VDP_setReg
                0x0000000000001018                VDP_getEnable
                0x0000000000001024                VDP_setEnable
                0x0000000000001050                VDP_getScanlineNumber
                0x0000000000001066                VDP_getScreenHeight
                0x000000000000106e                VDP_setScreenHeight224
                0x0000000000001094                VDP_setScreenHeight240
                0x00000000000010c6                VDP_getScreenWidth
                0x00000000000010ce                VDP_setScreenWidth256
                0x00000000000010f4                VDP_setScreenWidth320
                0x000000000000111a                VDP_getPlanWidth
                0x000000000000112e                VDP_getPlanHeight
                0x0000000000001140                VDP_setPlanSize
                0x0000000000001174                VDP_getVerticalScrollingMode
                0x0000000000001182                VDP_getHorizontalScrollingMode
                0x000000000000118e                VDP_setScrollingMode
                0x00000000000011c0                VDP_getBackgroundColor
                0x00000000000011c8                VDP_setBackgroundColor
                0x00000000000011e6                VDP_getAutoInc
                0x00000000000011ee                VDP_setAutoInc
                0x0000000000001208                VDP_setHInterrupt
                0x0000000000001234                VDP_setHilightShadow
                0x0000000000001260                VDP_getHIntCounter
                0x0000000000001268                VDP_setHIntCounter
                0x0000000000001282                VDP_getAPlanAddress
                0x000000000000128a                VDP_getBPlanAddress
                0x0000000000001292                VDP_getWindowAddress
                0x000000000000129a                VDP_getWindowPlanAddress
                0x00000000000012a2                VDP_getSpriteListAddress
                0x00000000000012aa                VDP_getHScrollTableAddress
                0x00000000000012b2                VDP_setAPlanAddress
                0x00000000000012d6                VDP_setWindowAddress
                0x0000000000001318                VDP_setWindowPlanAddress
                0x0000000000001328                VDP_setBPlanAddress
                0x000000000000134c                VDP_setSpriteListAddress
                0x000000000000138e                VDP_setHScrollTableAddress
                0x00000000000013b4                VDP_setScanMode
                0x00000000000013fc                VDP_waitDMACompletion
                0x000000000000140a                VDP_init
                0x000000000000160c                VDP_waitFIFOEmpty
                0x000000000000161a                VDP_waitVSync
                0x0000000000001634                VDP_resetScreen
                0x00000000000016a8                VDP_showFPS
 *fill*         0x0000000000001726        0x2 
 .text          0x0000000000001728     0x1552 /opt/toolchains/gen/m68k-elf/lib/libmd.a(tools.o)
                0x0000000000001728                getFPS
                0x0000000000001790                getFPS_f
                0x0000000000001812                KLog
                0x0000000000001836                KLog_U1
                0x0000000000001882                KLog_U2
                0x00000000000018f0                KLog_U3
                0x000000000000197c                KLog_U4
                0x0000000000001a24                KLog_U1x
                0x0000000000001a74                KLog_U2x
                0x0000000000001ae4                KLog_U3x
                0x0000000000001b70                KLog_U4x
                0x0000000000001c16                KLog_S1
                0x0000000000001c62                KLog_S2
                0x0000000000001cd0                KLog_S3
                0x0000000000001d5c                KLog_S4
                0x0000000000001e04                KLog_S1x
                0x0000000000001e54                KLog_S2x
                0x0000000000001ec4                KLog_S3x
                0x0000000000001f50                KLog_S4x
                0x0000000000001ff6                KLog_f1
                0x0000000000002046                KLog_f2
                0x00000000000020bc                KLog_f3
                0x0000000000002154                KLog_f4
                0x000000000000220c                KLog_f1x
                0x0000000000002260                KLog_f2x
                0x00000000000022d8                KLog_f3x
                0x0000000000002370                KLog_f4x
                0x0000000000002426                KLog_F1
                0x0000000000002472                KLog_F2
                0x00000000000024e0                KLog_F3
                0x000000000000256c                KLog_F4
                0x0000000000002614                KLog_F1x
                0x0000000000002664                KLog_F2x
                0x00000000000026d4                KLog_F3x
                0x0000000000002760                KLog_F4x
                0x0000000000002806                allocateBitmap
                0x0000000000002862                allocateTileSet
                0x00000000000028a2                allocateMap
                0x00000000000028e8                allocateImage
                0x00000000000029c0                rle4b_unpack
                0x0000000000002a04                rlemap_unpack
                0x0000000000002a88                unpack
                0x0000000000002ad0                unpackBitmap
                0x0000000000002b22                unpackTileSet
                0x0000000000002b68                unpackMap
                0x0000000000002bb4                unpackImage
                0x0000000000002c06                rle4b_unpackVRam
 *fill*         0x0000000000002c7a        0x2 
 .text          0x0000000000002c7c      0x236 /opt/toolchains/gen/m68k-elf/lib/libmd.a(memory.o)
                0x0000000000002c7c                MEM_init
                0x0000000000002ca4                MEM_getFree
                0x0000000000002cce                MEM_free
                0x0000000000002ce0                MEM_alloc
                0x0000000000002dbe                memcpyU16
                0x0000000000002ddc                memcpyU32
                0x0000000000002dfc                fastMemset
                0x0000000000002e1c                fastMemsetU16
                0x0000000000002e3c                fastMemsetU32
                0x0000000000002e58                fastMemcpy
                0x0000000000002e74                fastMemcpyU16
                0x0000000000002e92                fastMemcpyU32
 *fill*         0x0000000000002eb2        0x2 
 .text          0x0000000000002eb4      0x1d4 /opt/toolchains/gen/m68k-elf/lib/libmd.a(timer.o)
                0x0000000000002eb4                getSubTick
                0x0000000000002f06                getTick
                0x0000000000002f32                getTime
                0x0000000000002f54                getTimeAsFix32
                0x0000000000002f68                startTimer
                0x0000000000002f8a                getTimer
                0x0000000000002fce                waitSubTick
                0x0000000000003016                waitTick
                0x0000000000003058                waitMs
 .text          0x0000000000003088      0x588 /opt/toolchains/gen/m68k-elf/lib/libmd.a(z80_ctrl.o)
                0x0000000000003088                Z80_isBusTaken
                0x000000000000309a                Z80_requestBus
                0x00000000000030cc                Z80_releaseBus
                0x00000000000030d6                Z80_startReset
                0x00000000000030e0                Z80_endReset
                0x00000000000030ea                Z80_setBank
                0x00000000000030fe                Z80_init
                0x0000000000003116                Z80_read
                0x0000000000003128                Z80_write
                0x000000000000313c                Z80_clear
                0x00000000000031b4                Z80_upload
                0x0000000000003228                Z80_download
                0x0000000000003280                Z80_getLoadedDriver
                0x0000000000003288                Z80_unloadDriver
                0x00000000000032aa                Z80_loadCustomDriver
                0x00000000000032de                Z80_isDriverReady
                0x0000000000003314                Z80_loadDriver
 .text          0x0000000000003610      0x1f2 /opt/toolchains/gen/m68k-elf/lib/libmd.a(ym2612.o)
                0x0000000000003610                YM2612_read
                0x000000000000362a                YM2612_write
                0x000000000000364e                YM2612_reset
                0x0000000000003738                YM2612_writeSafe
                0x0000000000003750                YM2612_writeReg
                0x00000000000037a2                YM2612_writeRegSafe
                0x00000000000037c4                YM2612_enableDAC
                0x00000000000037e4                YM2612_disableDAC
 *fill*         0x0000000000003802        0x2 
 .text          0x0000000000003804      0x654 /opt/toolchains/gen/m68k-elf/lib/libmd.a(vdp_pal.o)
                0x00000000000038ce                VDP_getPaletteColor
                0x0000000000003902                VDP_setPaletteColor
                0x0000000000003940                VDP_doStepFading
                0x0000000000003a1a                VDP_initFading
                0x0000000000003b70                VDP_interruptFade
                0x0000000000003b82                VDP_fade
                0x0000000000003bf2                VDP_fadeTo
                0x0000000000003c52                VDP_fadeOut
                0x0000000000003c82                VDP_fadeIn
                0x0000000000003cb6                VDP_fadePal
                0x0000000000003cf2                VDP_fadePalTo
                0x0000000000003d2a                VDP_fadePalOut
                0x0000000000003d64                VDP_fadePalIn
                0x0000000000003da2                VDP_fadeAll
                0x0000000000003dca                VDP_fadeAllTo
                0x0000000000003dee                VDP_fadeOutAll
                0x0000000000003e14                VDP_fadeInAll
                0x0000000000003e3e                VDP_isDoingFade
                0x0000000000003e4a                VDP_waitFadeCompletion
 .text          0x0000000000003e58      0x114 /opt/toolchains/gen/m68k-elf/lib/libmd.a(psg.o)
                0x0000000000003e58                PSG_init
                0x0000000000003e84                PSG_write
                0x0000000000003e8e                PSG_setEnvelope
                0x0000000000003eae                PSG_setTone
                0x0000000000003ede                PSG_setFrequency
                0x0000000000003f44                PSG_setNoise
 .text          0x0000000000003f6c        0x0 /opt/toolchains/gen/m68k-elf/lib/libmd.a(z80_vgm.o)
 .text          0x0000000000003f6c      0xb8e /opt/toolchains/gen/m68k-elf/lib/libmd.a(vdp_tile.o)
                0x0000000000003f6c                VDP_loadTileSet
                0x0000000000004010                VDP_loadFontData
                0x0000000000004040                VDP_loadFont
                0x0000000000004066                VDP_loadBMPTileDataEx
                0x00000000000040ba                VDP_fillTileData
                0x0000000000004174                VDP_setTileMap
                0x00000000000041b2                VDP_setTileMapXY
                0x0000000000004218                VDP_fillTileMap
                0x00000000000042b4                VDP_fillTileMapRectByIndex
                0x00000000000042de                VDP_fillTileMapRect
                0x0000000000004384                VDP_clearTileMap
                0x00000000000043d8                VDP_clearTileMapRectByIndex
                0x0000000000004402                VDP_clearTileMapRect
                0x0000000000004436                VDP_fillTileMapInc
                0x0000000000004500                VDP_fillTileMapRectIncByIndex
                0x000000000000452a                VDP_fillTileMapRectInc
                0x00000000000045d6                VDP_setTileMapData
                0x00000000000046ba                VDP_setTileMapRectByIndex
                0x00000000000046e8                VDP_setTileMapDataRect
                0x00000000000047a0                VDP_setTileMapDataEx
                0x0000000000004892                VDP_setTileMapRectExByIndex
                0x00000000000048c4                VDP_setTileMapDataRectEx
                0x00000000000049aa                VDP_setTileMapRectEx
                0x00000000000049ee                VDP_setMapEx
                0x0000000000004ab6                VDP_setMap
 *fill*         0x0000000000004afa        0x2 
 .text          0x0000000000004afc      0x3ec /opt/toolchains/gen/m68k-elf/lib/libmd.a(vdp_spr.o)
                0x0000000000004afc                VDP_resetSprites
                0x0000000000004b14                VDP_resetSpritesDirect
                0x0000000000004b56                VDP_setSprite
                0x0000000000004bb2                VDP_setSpriteP
                0x0000000000004bfe                VDP_setSpriteDirect
                0x0000000000004c80                VDP_setSpriteDirectP
                0x0000000000004d02                VDP_setSpritePosition
                0x0000000000004d42                VDP_setSpritesDirect
                0x0000000000004dd4                VDP_setSprites
                0x0000000000004e46                VDP_updateSprites
 .text          0x0000000000004ee8        0x0 /opt/toolchains/gen/m68k-elf/lib/libmd.a(tab_cnv.o)
 .text          0x0000000000004ee8      0x266 /opt/toolchains/gen/m68k-elf/lib/libmd.a(vdp_dma.o)
                0x0000000000004ee8                VDP_doDMAEx
                0x0000000000005038                VDP_doDMA
                0x0000000000005062                VDP_doVRamDMAFill
                0x00000000000050d6                VDP_doVRamDMACopy
 *fill*         0x000000000000514e        0x2 
 .text          0x0000000000005150     0x111e /opt/toolchains/gen/m68k-elf/lib/libmd.a(bmp.o)
                0x00000000000052a4                BMP_end
                0x0000000000005308                BMP_hasFlipRequestPending
                0x0000000000005316                BMP_waitWhileFlipRequestPending
                0x0000000000005326                BMP_hasFlipInProgess
                0x0000000000005332                BMP_waitFlipComplete
                0x0000000000005342                BMP_flip
                0x0000000000005394                BMP_drawText
                0x00000000000053f2                BMP_clearText
                0x000000000000544e                BMP_clearTextLine
                0x000000000000548e                BMP_showFPS
                0x0000000000005560                BMP_clear
                0x0000000000005570                BMP_reset
                0x0000000000005692                BMP_init
                0x00000000000056d0                BMP_getWritePointer
                0x00000000000056f6                BMP_getReadPointer
                0x000000000000571c                BMP_getPixel
                0x0000000000005754                BMP_setPixel
                0x000000000000578c                BMP_setPixels_V2D
                0x00000000000057dc                BMP_setPixels
                0x0000000000005836                BMP_drawBitmapData
                0x00000000000058d8                BMP_drawBitmap
                0x00000000000059ac                BMP_loadBitmapData
                0x00000000000059de                BMP_loadBitmap
                0x0000000000005a04                BMP_getBitmapPalette
                0x0000000000005a20                BMP_scale
                0x0000000000005afa                BMP_drawBitmapScaled
                0x0000000000005c04                BMP_loadAndScaleBitmap
                0x0000000000005c3a                BMP_doVBlankProcess
                0x0000000000005c44                BMP_doHBlankProcess
 *fill*         0x000000000000626e        0x2 
 .text          0x0000000000006270      0x6ae /opt/toolchains/gen/m68k-elf/lib/libmd.a(tile_cache.o)
                0x0000000000006300                TC_init
                0x0000000000006338                TC_end
                0x00000000000063aa                TC_createCacheEx
                0x00000000000063f0                TC_createCache
                0x0000000000006412                TC_releaseCache
                0x0000000000006424                TC_clearCache
                0x0000000000006436                TC_flushCache
                0x0000000000006440                TC_alloc
                0x000000000000672a                TC_reAlloc
                0x00000000000067b6                TC_free
                0x0000000000006830                TC_getTileIndex
                0x000000000000687e                TC_uploadAtVBlank
                0x00000000000068b2                TC_doVBlankProcess
 *fill*         0x000000000000691e        0x2 
 .text          0x0000000000006920      0x804 /opt/toolchains/gen/m68k-elf/lib/libmd.a(vdp_bg.o)
                0x0000000000006920                VDP_setHorizontalScroll
                0x000000000000696c                VDP_setHorizontalScrollTile
                0x0000000000006a12                VDP_setHorizontalScrollLine
                0x0000000000006ab8                VDP_setVerticalScroll
                0x0000000000006af6                VDP_setVerticalScrollTile
                0x0000000000006b8c                VDP_clearPlan
                0x0000000000006c42                VDP_getTextPlan
                0x0000000000006c5e                VDP_getTextPalette
                0x0000000000006c6e                VDP_getTextPriority
                0x0000000000006c7a                VDP_setTextPlan
                0x0000000000006c9e                VDP_setTextPalette
                0x0000000000006cbe                VDP_setTextPriority
                0x0000000000006cdc                VDP_drawTextBG
                0x0000000000006d88                VDP_clearTextBG
                0x0000000000006dba                VDP_clearTextLineBG
                0x0000000000006df0                VDP_drawText
                0x0000000000006e24                VDP_clearText
                0x0000000000006e52                VDP_clearTextLine
                0x0000000000006e6e                VDP_drawBitmapEx
                0x0000000000006f7e                VDP_drawBitmap
                0x0000000000007006                VDP_drawImageEx
                0x00000000000070a6                VDP_drawImage
 *fill*         0x0000000000007124       0xdc 
 .text          0x0000000000007200       0x80 /opt/toolchains/gen/m68k-elf/lib/libmd.a(smp_null_pcm.o)
                0x0000000000007200                smp_null_pcm
 .text          0x0000000000007280      0x102 /opt/toolchains/gen/m68k-elf/lib/libmd.a(vdp_tile_a.o)
                0x0000000000007280                VDP_loadTileData
                0x00000000000072fc                VDP_loadBMPTileData
 *fill*         0x0000000000007382        0x2 
 .text          0x0000000000007384      0x1b8 /opt/toolchains/gen/m68k-elf/lib/libmd.a(memory_a.o)
                0x0000000000007384                memset
                0x00000000000073fc                memsetU16
                0x000000000000745a                memsetU32
                0x0000000000007498                memcpy
 .text          0x000000000000753c      0x15c /opt/toolchains/gen/m68k-elf/lib/libmd.a(vdp_pal_a.o)
                0x000000000000753c                VDP_getPaletteColors
                0x00000000000075a2                VDP_setPaletteColors
                0x0000000000007608                VDP_getPalette
                0x0000000000007650                VDP_setPalette
 .text          0x0000000000007698       0x48 /opt/toolchains/gen/m68k-elf/lib/libmd.a(sys_a.o)
                0x0000000000007698                SYS_assertReset
                0x000000000000769c                SYS_reset
                0x00000000000076aa                SYS_getInterruptMaskLevel
                0x00000000000076b4                SYS_setInterruptMaskLevel
                0x00000000000076c6                SYS_getAndSetInterruptMaskLevel
 .text          0x00000000000076e0       0x88 /opt/toolchains/gen/m68k-elf/lib/libmd.a(kdebug.o)
                0x00000000000076e0                KDebug_Halt
                0x00000000000076ea                KDebug_Alert
                0x0000000000007706                KDebug_AlertNumber
                0x0000000000007754                KDebug_StartTimer
                0x000000000000775e                KDebug_StopTimer
 .text          0x0000000000007768     0x13f8 /opt/toolchains/gen/m68k-elf/lib/libmd.a(bmp_a.o)
                0x0000000000007768                clearBitmapBuffer
                0x00000000000078aa                BMP_clipLine
                0x00000000000078c6                BMP_drawLine
                0x0000000000007936                BMP_isPolygonCulled
                0x0000000000008264                BMP_drawPolygon
 *fill*         0x0000000000008b60       0xa0 
 .text          0x0000000000008c00      0x100 /opt/toolchains/gen/m68k-elf/lib/libmd.a(smp_null.o)
                0x0000000000008c00                smp_null
 .text          0x0000000000008d00       0xa8 /opt/toolchains/gen/m68k-elf/lib/libmd.a(tools_a.o)
                0x0000000000008d00                aplib_unpack
                0x0000000000008d06                aplib_decrunch
 .text          0x0000000000008da8      0xb20 /opt/toolchains/gen/m68k-elf/lib/libmd.a(z80_drv1.o)
                0x0000000000008da8                z80_drv1
 .text          0x00000000000098c8      0x69e /opt/toolchains/gen/m68k-elf/lib/libmd.a(z80_tfm.o)
                0x00000000000098c8                z80_tfm
 *fill*         0x0000000000009f66        0x2 
 .text          0x0000000000009f68      0xe00 /opt/toolchains/gen/m68k-elf/lib/libmd.a(z80_drv2.o)
                0x0000000000009f68                z80_drv2
 .text          0x000000000000ad68      0xa56 /opt/toolchains/gen/m68k-elf/lib/libmd.a(z80_drv3.o)
                0x000000000000ad68                z80_drv3
 *fill*         0x000000000000b7be        0x2 
 .text          0x000000000000b7c0     0x1700 /opt/toolchains/gen/m68k-elf/lib/libmd.a(z80_xgm.o)
                0x000000000000b7c0                z80_xgm
 .text          0x000000000000cec0      0xa5c /opt/toolchains/gen/m68k-elf/lib/libmd.a(z80_mvs.o)
                0x000000000000cec0                z80_mvs
 .text          0x000000000000d91c        0x0 /opt/toolchains/gen/m68k-elf/lib/libmd.a(libres.o)
 .text          0x000000000000d91c        0x0 /opt/toolchains/gen/m68k-elf/lib/libmd.a(tab_vol.o)
 .text          0x000000000000d91c      0x656 /opt/toolchains/gen/m68k-elf/lib/libmd.a(maths.o)
                0x000000000000d91c                random
                0x000000000000d93c                intToBCD
                0x000000000000d9d0                distance_approx
                0x000000000000da22                Partition_u8
                0x000000000000daa4                QSort_u8
                0x000000000000daf2                Partition_s8
                0x000000000000db74                QSort_s8
                0x000000000000dbc2                Partition_u16
                0x000000000000dc52                QSort_u16
                0x000000000000dca0                Partition_s16
                0x000000000000dd30                QSort_s16
                0x000000000000dd7e                Partition_u32
                0x000000000000de2a                QSort_u32
                0x000000000000de78                Partition_s32
                0x000000000000df24                QSort_s32
 *fill*         0x000000000000df72        0x2 
 .text          0x000000000000df74      0x89c /opt/toolchains/gen/m68k-elf/lib/libmd.a(sprite_eng.o)
                0x000000000000e0ee                SPR_end
                0x000000000000e15c                SPR_init
                0x000000000000e1d8                SPR_isInitialized
                0x000000000000e1e4                SPR_setPosition
                0x000000000000e21c                SPR_setAttribut
                0x000000000000e23e                SPR_setAnimAndFrame
                0x000000000000e2aa                SPR_initSprite
                0x000000000000e30a                SPR_setAnim
                0x000000000000e362                SPR_setFrame
                0x000000000000e3be                SPR_nextFrame
                0x000000000000e3e4                SPR_setVRAMTileIndex
                0x000000000000e40c                SPR_setAlwaysVisible
                0x000000000000e432                SPR_setNeverVisible
                0x000000000000e458                SPR_clear
                0x000000000000e46e                SPR_update
                0x000000000000e7d4                SPR_doVBlankProcess
 .text          0x000000000000e810      0x33a /opt/toolchains/gen/m68k-elf/lib/libmd.a(string.o)
                0x000000000000e810                strlen
                0x000000000000e8fc                strcmp
                0x000000000000e91c                strclr
                0x000000000000e926                strcpy
                0x000000000000e938                strcat
                0x000000000000e952                intToStr
                0x000000000000e980                uintToStr
                0x000000000000e99c                intToHex
                0x000000000000ea50                fix32ToStr
                0x000000000000ead0                fix16ToStr
 *fill*         0x000000000000eb4a        0x2 
 .text          0x000000000000eb4c     0x1804 /opt/toolchains/gen/m68k-elf/lib/libmd.a(joy.o)
                0x000000000000f5e4                JOY_setEventHandler
                0x000000000000f5ee                JOY_setSupport
                0x000000000000fa26                JOY_init
                0x000000000000fd66                JOY_getPortType
                0x000000000000fd86                JOY_getJoypadType
                0x000000000000fda6                JOY_readJoypad
                0x000000000000fdf6                JOY_readJoypadX
                0x000000000000fe18                JOY_readJoypadY
                0x000000000000fe3a                JOY_update
                0x000000000001025c                JOY_waitPressTime
                0x0000000000010302                JOY_waitPressBtn
                0x0000000000010318                JOY_waitPressBtnTime
                0x0000000000010334                JOY_waitPress
 .text          0x0000000000010350        0xc /opt/toolchains/gen/m68k-elf/lib/libmd.a(types.o)
                0x0000000000010350                getZeroU8
                0x0000000000010354                getZeroU16
                0x0000000000010358                getZeroU32
 .text          0x000000000001035c       0x22 /opt/toolchains/gen/m68k-elf/lib/gcc/m68k-elf/4.8.2/libgcc.a(_mulsi3.o)
                0x000000000001035c                __mulsi3
 *fill*         0x000000000001037e        0x2 
 .text          0x0000000000010380       0x5c /opt/toolchains/gen/m68k-elf/lib/gcc/m68k-elf/4.8.2/libgcc.a(_udivsi3.o)
                0x0000000000010380                __udivsi3
 .text          0x00000000000103dc       0x2e /opt/toolchains/gen/m68k-elf/lib/gcc/m68k-elf/4.8.2/libgcc.a(_divsi3.o)
                0x00000000000103dc                __divsi3
 *fill*         0x000000000001040a        0x2 
 .text          0x000000000001040c       0x2e /opt/toolchains/gen/m68k-elf/lib/gcc/m68k-elf/4.8.2/libgcc.a(_umodsi3.o)
                0x000000000001040c                __umodsi3
 *fill*         0x000000000001043a        0x2 
 .text          0x000000000001043c      0x1ba src/boxview.o
                0x000000000001043c                BoxView_ctor
                0x0000000000010480                BoxView_render
 *fill*         0x00000000000105f6        0x2 
 .text          0x00000000000105f8      0x250 src/baseview.o
                0x00000000000105f8                BaseView_ctor
                0x0000000000010630                BaseView_testa
                0x000000000001063e                BaseView_render
                0x00000000000106d0                BaseView_setPlane
                0x00000000000106dc                BaseView_addChildView
                0x00000000000107ac                BaseView_placeTile
 .text          0x0000000000010848       0x26 src/utility.o
                0x0000000000010848                Debug_print
 *fill*         0x000000000001086e        0x2 
 .text          0x0000000000010870       0xbc src/simpletextview.o
                0x0000000000010870                SimpleTextView_ctor
                0x00000000000108fe                SimpleTextView_render
 .text          0x000000000001092c        0x0 src/main.o
 .text.startup  0x000000000001092c       0xaa src/main.o
                0x000000000001092c                main
 *fill*         0x00000000000109d6        0x2 
 .text          0x00000000000109d8      0x4ba src/jsmn.o
                0x00000000000109d8                jsmn_parse
                0x0000000000010e80                jsmn_init
 *fill*         0x0000000000010e92        0x2 
 .text          0x0000000000010e94       0x68 src/romble.o
                0x0000000000010e94                Romble_loadTiles
                0x0000000000010ec8                Romble_init
 .text          0x0000000000010efc        0x0 res/globals.o
 .text          0x0000000000010efc       0x22 /opt/toolchains/gen/m68k-elf/m68k-elf/lib/libc.a(lib_a-calloc.o)
                0x0000000000010efc                calloc
 *fill*         0x0000000000010f1e        0x2 
 .text          0x0000000000010f20      0x12c /opt/toolchains/gen/m68k-elf/m68k-elf/lib/libc.a(lib_a-callocr.o)
                0x0000000000010f20                _calloc_r
 .text          0x000000000001104c        0x0 /opt/toolchains/gen/m68k-elf/m68k-elf/lib/libc.a(lib_a-impure.o)
 .text          0x000000000001104c       0x38 /opt/toolchains/gen/m68k-elf/m68k-elf/lib/libc.a(lib_a-malloc.o)
                0x000000000001104c                malloc
                0x0000000000011068                free
 .text          0x0000000000011084      0xc98 /opt/toolchains/gen/m68k-elf/m68k-elf/lib/libc.a(lib_a-mallocr.o)
                0x000000000001134a                _malloc_r
 .text          0x0000000000011d1c       0x10 /opt/toolchains/gen/m68k-elf/m68k-elf/lib/libc.a(lib_a-mlock.o)
                0x0000000000011d1c                __malloc_lock
                0x0000000000011d24                __malloc_unlock
 .text          0x0000000000011d2c       0x22 /opt/toolchains/gen/m68k-elf/m68k-elf/lib/libc.a(lib_a-realloc.o)
                0x0000000000011d2c                realloc
 *fill*         0x0000000000011d4e        0x2 
 .text          0x0000000000011d50      0xb02 /opt/toolchains/gen/m68k-elf/m68k-elf/lib/libc.a(lib_a-reallocr.o)
                0x0000000000011d50                _realloc_r
 *fill*         0x0000000000012852        0x2 
 .text          0x0000000000012854       0x42 /opt/toolchains/gen/m68k-elf/m68k-elf/lib/libc.a(lib_a-sbrkr.o)
                0x0000000000012854                _sbrk_r
 *fill*         0x0000000000012896        0x2 
 .text          0x0000000000012898      0x630 /opt/toolchains/gen/m68k-elf/m68k-elf/lib/libc.a(lib_a-freer.o)
                0x0000000000012898                _free_r
                0x0000000000012d3a                _malloc_trim_r
 .text          0x0000000000012ec8      0x19e /opt/toolchains/gen/m68k-elf/m68k-elf/lib/libc.a(lib_a-memmove.o)
                0x0000000000012ec8                memmove
 *fill*         0x0000000000013066        0x2 
 .text          0x0000000000013068      0x238 /opt/toolchains/gen/m68k-elf/m68k-elf/lib/libc.a(lib_a-reent.o)
                0x0000000000013068                cleanup_glue
                0x00000000000130a0                _reclaim_reent
                0x0000000000013228                _wrapup_reent
 .text          0x00000000000132a0       0x32 /opt/toolchains/gen/m68k-elf/m68k-elf/lib/libnosys.a(sbrk.o)
                0x00000000000132a0                sbrk
                0x00000000000132d4                . = ALIGN (0x4)
 *fill*         0x00000000000132d2        0x2 
                0x00000000000132d4                __CTOR_LIST__ = .
                0x00000000000132d4        0x4 LONG 0x0 (((__CTOR_END__ - __CTOR_LIST__) / 0x4) - 0x2)
 *(.ctors)
                0x00000000000132d8        0x4 LONG 0x0
                0x00000000000132dc                __CTOR_END__ = .
                0x00000000000132dc                __DTOR_LIST__ = .
                0x00000000000132dc        0x4 LONG 0x0 (((__DTOR_END__ - __DTOR_LIST__) / 0x4) - 0x2)
 *(.dtors)
                0x00000000000132e0        0x4 LONG 0x0
                0x00000000000132e4                __DTOR_END__ = .
 *(.rodata .rodata.*)
 .rodata.str1.1
                0x00000000000132e4      0x13e /opt/toolchains/gen/m68k-elf/lib/libmd.a(sys.o)
 .rodata.str1.1
                0x0000000000013422       0x21 /opt/toolchains/gen/m68k-elf/lib/libmd.a(vdp.o)
                                         0x4c (size before relaxing)
 *fill*         0x0000000000013443        0x1 
 .rodata        0x0000000000013444        0x4 /opt/toolchains/gen/m68k-elf/lib/libmd.a(vdp.o)
                0x0000000000013444                PLAN_A
                0x0000000000013446                PLAN_B
 .rodata.str1.1
                0x0000000000000000        0x2 /opt/toolchains/gen/m68k-elf/lib/libmd.a(tools.o)
 .rodata        0x0000000000013448      0x104 /opt/toolchains/gen/m68k-elf/lib/libmd.a(vdp_pal.o)
                0x0000000000013448                palette_blue
                0x0000000000013468                palette_green
                0x0000000000013488                palette_red
                0x00000000000134a8                palette_grey
                0x00000000000134c8                palette_black
                0x00000000000134cc                palette_black_all
 .rodata        0x000000000001354c      0xe40 /opt/toolchains/gen/m68k-elf/lib/libmd.a(z80_vgm.o)
                0x000000000001354c                z80_vgm
 .rodata        0x000000000001438c      0x6f4 /opt/toolchains/gen/m68k-elf/lib/libmd.a(tab_cnv.o)
                0x000000000001438c                cnv_bcd_tab
                0x00000000000143f0                cnv_8to32_tab
                0x00000000000147f0                cnv_8to16_tab
                0x00000000000149f0                cnv_4to32_tab
                0x0000000000014a30                cnv_4to16_tab
                0x0000000000014a50                cnv_4to8_tab
                0x0000000000014a60                cnv_2to32_tab
                0x0000000000014a70                cnv_2to16_tab
                0x0000000000014a78                cnv_2to8_tab
                0x0000000000014a7c                cnv_2to4_tab
 .rodata        0x0000000000014a80      0xc40 /opt/toolchains/gen/m68k-elf/lib/libmd.a(libres.o)
                0x0000000000015426                logo_lib
                0x0000000000015690                font_lib
                0x00000000000156b8                font_pal_lib
 .rodata        0x00000000000156c0     0x1000 /opt/toolchains/gen/m68k-elf/lib/libmd.a(tab_vol.o)
                0x00000000000156c0                tab_vol
 .rodata        0x00000000000166c0       0x18 /opt/toolchains/gen/m68k-elf/lib/libmd.a(joy.o)
 .rodata.str1.1
                0x00000000000166d8       0x1c src/baseview.o
 .rodata.str1.1
                0x0000000000000000       0x1c src/simpletextview.o
 .rodata.str1.1
                0x00000000000166f4       0x16 src/main.o
 .rodata        0x000000000001670a       0xa0 res/globals.o
                0x000000000001670a                StandardColours
                0x000000000001672a                BoxDrawingCharacters
 .rodata        0x00000000000167aa        0x6 /opt/toolchains/gen/m68k-elf/m68k-elf/lib/libc.a(lib_a-impure.o)
                0x00000000000167ac                _global_impure_ptr
 *(.gcc_except_table .gcc_except_table.*)
                0x00000000000167b0                . = ALIGN (0x4)
                0x00000000000167b0                __INIT_SECTION__ = .
 *(.init)
                0x00000000000167b0        0x2 SHORT 0x4e75
                0x00000000000167b2                __FINI_SECTION__ = .
 *(.fini)
                0x00000000000167b2        0x2 SHORT 0x4e75
                0x00000000000167b4                _etext = .
 *(.lit)
                0x00000000000167b4                _stext = SIZEOF (.text)

.data           0x0000000000ff0000      0x880 load address 0x00000000000167b4
 *(.got.plt)
 *(.got)
 *(.shdata)
 *(.data .data.*)
 .data          0x0000000000ff0000        0x0 boot/sega.o
 .data          0x0000000000ff0000        0x0 /opt/toolchains/gen/m68k-elf/lib/libmd.a(sys.o)
 .data          0x0000000000ff0000        0x0 /opt/toolchains/gen/m68k-elf/lib/libmd.a(vdp.o)
 .data          0x0000000000ff0000        0x0 /opt/toolchains/gen/m68k-elf/lib/libmd.a(tools.o)
 .data          0x0000000000ff0000        0x0 /opt/toolchains/gen/m68k-elf/lib/libmd.a(memory.o)
 .data          0x0000000000ff0000        0x0 /opt/toolchains/gen/m68k-elf/lib/libmd.a(timer.o)
 .data          0x0000000000ff0000        0x0 /opt/toolchains/gen/m68k-elf/lib/libmd.a(z80_ctrl.o)
 .data          0x0000000000ff0000        0x0 /opt/toolchains/gen/m68k-elf/lib/libmd.a(ym2612.o)
 .data          0x0000000000ff0000        0x0 /opt/toolchains/gen/m68k-elf/lib/libmd.a(vdp_pal.o)
 .data          0x0000000000ff0000        0x0 /opt/toolchains/gen/m68k-elf/lib/libmd.a(psg.o)
 .data          0x0000000000ff0000        0x0 /opt/toolchains/gen/m68k-elf/lib/libmd.a(z80_vgm.o)
 .data          0x0000000000ff0000        0x0 /opt/toolchains/gen/m68k-elf/lib/libmd.a(vdp_tile.o)
 .data          0x0000000000ff0000        0x0 /opt/toolchains/gen/m68k-elf/lib/libmd.a(vdp_spr.o)
 .data          0x0000000000ff0000        0x0 /opt/toolchains/gen/m68k-elf/lib/libmd.a(tab_cnv.o)
 .data          0x0000000000ff0000        0x0 /opt/toolchains/gen/m68k-elf/lib/libmd.a(vdp_dma.o)
 .data          0x0000000000ff0000        0x0 /opt/toolchains/gen/m68k-elf/lib/libmd.a(bmp.o)
 .data          0x0000000000ff0000        0x0 /opt/toolchains/gen/m68k-elf/lib/libmd.a(tile_cache.o)
 .data          0x0000000000ff0000        0x0 /opt/toolchains/gen/m68k-elf/lib/libmd.a(vdp_bg.o)
 .data          0x0000000000ff0000        0x0 /opt/toolchains/gen/m68k-elf/lib/libmd.a(smp_null_pcm.o)
 .data          0x0000000000ff0000        0x0 /opt/toolchains/gen/m68k-elf/lib/libmd.a(vdp_tile_a.o)
 .data          0x0000000000ff0000        0x0 /opt/toolchains/gen/m68k-elf/lib/libmd.a(memory_a.o)
 .data          0x0000000000ff0000        0x0 /opt/toolchains/gen/m68k-elf/lib/libmd.a(vdp_pal_a.o)
 .data          0x0000000000ff0000        0x0 /opt/toolchains/gen/m68k-elf/lib/libmd.a(sys_a.o)
 .data          0x0000000000ff0000        0x0 /opt/toolchains/gen/m68k-elf/lib/libmd.a(kdebug.o)
 .data          0x0000000000ff0000        0x0 /opt/toolchains/gen/m68k-elf/lib/libmd.a(bmp_a.o)
 .data          0x0000000000ff0000        0x0 /opt/toolchains/gen/m68k-elf/lib/libmd.a(smp_null.o)
 .data          0x0000000000ff0000        0x0 /opt/toolchains/gen/m68k-elf/lib/libmd.a(tools_a.o)
 .data          0x0000000000ff0000        0x0 /opt/toolchains/gen/m68k-elf/lib/libmd.a(z80_drv1.o)
 .data          0x0000000000ff0000        0x0 /opt/toolchains/gen/m68k-elf/lib/libmd.a(z80_tfm.o)
 .data          0x0000000000ff0000        0x0 /opt/toolchains/gen/m68k-elf/lib/libmd.a(z80_drv2.o)
 .data          0x0000000000ff0000        0x0 /opt/toolchains/gen/m68k-elf/lib/libmd.a(z80_drv3.o)
 .data          0x0000000000ff0000        0x0 /opt/toolchains/gen/m68k-elf/lib/libmd.a(z80_xgm.o)
 .data          0x0000000000ff0000        0x0 /opt/toolchains/gen/m68k-elf/lib/libmd.a(z80_mvs.o)
 .data          0x0000000000ff0000        0x0 /opt/toolchains/gen/m68k-elf/lib/libmd.a(libres.o)
 .data          0x0000000000ff0000        0x0 /opt/toolchains/gen/m68k-elf/lib/libmd.a(tab_vol.o)
 .data          0x0000000000ff0000        0x0 /opt/toolchains/gen/m68k-elf/lib/libmd.a(maths.o)
 .data          0x0000000000ff0000        0x0 /opt/toolchains/gen/m68k-elf/lib/libmd.a(sprite_eng.o)
 .data          0x0000000000ff0000        0x0 /opt/toolchains/gen/m68k-elf/lib/libmd.a(string.o)
 .data          0x0000000000ff0000        0x0 /opt/toolchains/gen/m68k-elf/lib/libmd.a(joy.o)
 .data          0x0000000000ff0000        0x0 /opt/toolchains/gen/m68k-elf/lib/libmd.a(types.o)
 .data          0x0000000000ff0000        0x0 /opt/toolchains/gen/m68k-elf/lib/gcc/m68k-elf/4.8.2/libgcc.a(_mulsi3.o)
 .data          0x0000000000ff0000        0x0 /opt/toolchains/gen/m68k-elf/lib/gcc/m68k-elf/4.8.2/libgcc.a(_udivsi3.o)
 .data          0x0000000000ff0000        0x0 /opt/toolchains/gen/m68k-elf/lib/gcc/m68k-elf/4.8.2/libgcc.a(_divsi3.o)
 .data          0x0000000000ff0000        0x0 /opt/toolchains/gen/m68k-elf/lib/gcc/m68k-elf/4.8.2/libgcc.a(_umodsi3.o)
 .data          0x0000000000ff0000       0x18 src/boxview.o
                0x0000000000ff0000                BoxView_table
 .data          0x0000000000ff0018       0x18 src/baseview.o
                0x0000000000ff0018                BaseView_table
 .data          0x0000000000ff0030        0x0 src/utility.o
 .data          0x0000000000ff0030       0x18 src/simpletextview.o
                0x0000000000ff0030                SimpleTextView_table
 .data          0x0000000000ff0048        0x0 src/main.o
 .data          0x0000000000ff0048        0x0 src/jsmn.o
 .data          0x0000000000ff0048        0x0 src/romble.o
 .data          0x0000000000ff0048        0x0 res/globals.o
 .data          0x0000000000ff0048        0x0 /opt/toolchains/gen/m68k-elf/m68k-elf/lib/libc.a(lib_a-calloc.o)
 .data          0x0000000000ff0048        0x0 /opt/toolchains/gen/m68k-elf/m68k-elf/lib/libc.a(lib_a-callocr.o)
 .data          0x0000000000ff0048      0x426 /opt/toolchains/gen/m68k-elf/m68k-elf/lib/libc.a(lib_a-impure.o)
                0x0000000000ff046a                _impure_ptr
 *fill*         0x0000000000ff046e        0x2 
 .data          0x0000000000ff0470        0x0 /opt/toolchains/gen/m68k-elf/m68k-elf/lib/libc.a(lib_a-malloc.o)
 .data          0x0000000000ff0470      0x410 /opt/toolchains/gen/m68k-elf/m68k-elf/lib/libc.a(lib_a-mallocr.o)
                0x0000000000ff0470                __malloc_av_
                0x0000000000ff0878                __malloc_trim_threshold
                0x0000000000ff087c                __malloc_sbrk_base
 .data          0x0000000000ff0880        0x0 /opt/toolchains/gen/m68k-elf/m68k-elf/lib/libc.a(lib_a-mlock.o)
 .data          0x0000000000ff0880        0x0 /opt/toolchains/gen/m68k-elf/m68k-elf/lib/libc.a(lib_a-realloc.o)
 .data          0x0000000000ff0880        0x0 /opt/toolchains/gen/m68k-elf/m68k-elf/lib/libc.a(lib_a-reallocr.o)
 .data          0x0000000000ff0880        0x0 /opt/toolchains/gen/m68k-elf/m68k-elf/lib/libc.a(lib_a-sbrkr.o)
 .data          0x0000000000ff0880        0x0 /opt/toolchains/gen/m68k-elf/m68k-elf/lib/libc.a(lib_a-freer.o)
 .data          0x0000000000ff0880        0x0 /opt/toolchains/gen/m68k-elf/m68k-elf/lib/libc.a(lib_a-memmove.o)
 .data          0x0000000000ff0880        0x0 /opt/toolchains/gen/m68k-elf/m68k-elf/lib/libc.a(lib_a-reent.o)
 .data          0x0000000000ff0880        0x0 /opt/toolchains/gen/m68k-elf/m68k-elf/lib/libnosys.a(sbrk.o)
                0x0000000000ff0880                _edata = .
                0x0000000000000880                _sdata = SIZEOF (.data)

.bss            0x0000000000ff0880      0x804 load address 0x0000000000017034
                0x0000000000ff0880                _start = .
 *(.shbss)
 *(.bss .bss.*)
 .bss           0x0000000000ff0880        0x0 boot/sega.o
 .bss           0x0000000000ff0880       0x10 /opt/toolchains/gen/m68k-elf/lib/libmd.a(sys.o)
 .bss           0x0000000000ff0890       0x13 /opt/toolchains/gen/m68k-elf/lib/libmd.a(vdp.o)
 *fill*         0x0000000000ff08a3        0x1 
 .bss           0x0000000000ff08a4       0x10 /opt/toolchains/gen/m68k-elf/lib/libmd.a(tools.o)
 .bss           0x0000000000ff08b4        0x8 /opt/toolchains/gen/m68k-elf/lib/libmd.a(memory.o)
 .bss           0x0000000000ff08bc       0x40 /opt/toolchains/gen/m68k-elf/lib/libmd.a(timer.o)
 .bss           0x0000000000ff08fc        0x2 /opt/toolchains/gen/m68k-elf/lib/libmd.a(z80_ctrl.o)
 *fill*         0x0000000000ff08fe        0x2 
 .bss           0x0000000000ff0900        0x0 /opt/toolchains/gen/m68k-elf/lib/libmd.a(ym2612.o)
 .bss           0x0000000000ff0900      0x386 /opt/toolchains/gen/m68k-elf/lib/libmd.a(vdp_pal.o)
 *fill*         0x0000000000ff0c86        0x2 
 .bss           0x0000000000ff0c88        0x0 /opt/toolchains/gen/m68k-elf/lib/libmd.a(psg.o)
 .bss           0x0000000000ff0c88        0x0 /opt/toolchains/gen/m68k-elf/lib/libmd.a(z80_vgm.o)
 .bss           0x0000000000ff0c88        0x0 /opt/toolchains/gen/m68k-elf/lib/libmd.a(vdp_tile.o)
 .bss           0x0000000000ff0c88        0x0 /opt/toolchains/gen/m68k-elf/lib/libmd.a(vdp_spr.o)
 .bss           0x0000000000ff0c88        0x0 /opt/toolchains/gen/m68k-elf/lib/libmd.a(tab_cnv.o)
 .bss           0x0000000000ff0c88        0x0 /opt/toolchains/gen/m68k-elf/lib/libmd.a(vdp_dma.o)
 .bss           0x0000000000ff0c88       0x14 /opt/toolchains/gen/m68k-elf/lib/libmd.a(bmp.o)
 .bss           0x0000000000ff0c9c        0x4 /opt/toolchains/gen/m68k-elf/lib/libmd.a(tile_cache.o)
 .bss           0x0000000000ff0ca0        0x0 /opt/toolchains/gen/m68k-elf/lib/libmd.a(vdp_bg.o)
 .bss           0x0000000000ff0ca0        0x0 /opt/toolchains/gen/m68k-elf/lib/libmd.a(smp_null_pcm.o)
 .bss           0x0000000000ff0ca0        0x0 /opt/toolchains/gen/m68k-elf/lib/libmd.a(vdp_tile_a.o)
 .bss           0x0000000000ff0ca0        0x0 /opt/toolchains/gen/m68k-elf/lib/libmd.a(memory_a.o)
 .bss           0x0000000000ff0ca0        0x0 /opt/toolchains/gen/m68k-elf/lib/libmd.a(vdp_pal_a.o)
 .bss           0x0000000000ff0ca0        0x0 /opt/toolchains/gen/m68k-elf/lib/libmd.a(sys_a.o)
 .bss           0x0000000000ff0ca0        0x0 /opt/toolchains/gen/m68k-elf/lib/libmd.a(kdebug.o)
 .bss           0x0000000000ff0ca0        0x0 /opt/toolchains/gen/m68k-elf/lib/libmd.a(bmp_a.o)
 .bss           0x0000000000ff0ca0        0x0 /opt/toolchains/gen/m68k-elf/lib/libmd.a(smp_null.o)
 .bss           0x0000000000ff0ca0        0x0 /opt/toolchains/gen/m68k-elf/lib/libmd.a(tools_a.o)
 .bss           0x0000000000ff0ca0        0x0 /opt/toolchains/gen/m68k-elf/lib/libmd.a(z80_drv1.o)
 .bss           0x0000000000ff0ca0        0x0 /opt/toolchains/gen/m68k-elf/lib/libmd.a(z80_tfm.o)
 .bss           0x0000000000ff0ca0        0x0 /opt/toolchains/gen/m68k-elf/lib/libmd.a(z80_drv2.o)
 .bss           0x0000000000ff0ca0        0x0 /opt/toolchains/gen/m68k-elf/lib/libmd.a(z80_drv3.o)
 .bss           0x0000000000ff0ca0        0x0 /opt/toolchains/gen/m68k-elf/lib/libmd.a(z80_xgm.o)
 .bss           0x0000000000ff0ca0        0x0 /opt/toolchains/gen/m68k-elf/lib/libmd.a(z80_mvs.o)
 .bss           0x0000000000ff0ca0        0x0 /opt/toolchains/gen/m68k-elf/lib/libmd.a(libres.o)
 .bss           0x0000000000ff0ca0        0x0 /opt/toolchains/gen/m68k-elf/lib/libmd.a(tab_vol.o)
 .bss           0x0000000000ff0ca0        0x0 /opt/toolchains/gen/m68k-elf/lib/libmd.a(maths.o)
 .bss           0x0000000000ff0ca0       0x12 /opt/toolchains/gen/m68k-elf/lib/libmd.a(sprite_eng.o)
 *fill*         0x0000000000ff0cb2        0x2 
 .bss           0x0000000000ff0cb4        0x0 /opt/toolchains/gen/m68k-elf/lib/libmd.a(string.o)
 .bss           0x0000000000ff0cb4       0x46 /opt/toolchains/gen/m68k-elf/lib/libmd.a(joy.o)
 *fill*         0x0000000000ff0cfa        0x2 
 .bss           0x0000000000ff0cfc        0x0 /opt/toolchains/gen/m68k-elf/lib/libmd.a(types.o)
 .bss           0x0000000000ff0cfc        0x0 /opt/toolchains/gen/m68k-elf/lib/gcc/m68k-elf/4.8.2/libgcc.a(_mulsi3.o)
 .bss           0x0000000000ff0cfc        0x0 /opt/toolchains/gen/m68k-elf/lib/gcc/m68k-elf/4.8.2/libgcc.a(_udivsi3.o)
 .bss           0x0000000000ff0cfc        0x0 /opt/toolchains/gen/m68k-elf/lib/gcc/m68k-elf/4.8.2/libgcc.a(_divsi3.o)
 .bss           0x0000000000ff0cfc        0x0 /opt/toolchains/gen/m68k-elf/lib/gcc/m68k-elf/4.8.2/libgcc.a(_umodsi3.o)
 .bss           0x0000000000ff0cfc        0x0 src/boxview.o
 .bss           0x0000000000ff0cfc        0x0 src/baseview.o
 .bss           0x0000000000ff0cfc        0x1 src/utility.o
                0x0000000000ff0cfc                ROLL_COUNTER
 *fill*         0x0000000000ff0cfd        0x3 
 .bss           0x0000000000ff0d00        0x0 src/simpletextview.o
 .bss           0x0000000000ff0d00        0x0 src/main.o
 .bss           0x0000000000ff0d00        0x0 src/jsmn.o
 .bss           0x0000000000ff0d00        0x0 src/romble.o
 .bss           0x0000000000ff0d00        0x0 res/globals.o
 .bss           0x0000000000ff0d00        0x0 /opt/toolchains/gen/m68k-elf/m68k-elf/lib/libc.a(lib_a-calloc.o)
 .bss           0x0000000000ff0d00        0x0 /opt/toolchains/gen/m68k-elf/m68k-elf/lib/libc.a(lib_a-callocr.o)
 .bss           0x0000000000ff0d00        0x0 /opt/toolchains/gen/m68k-elf/m68k-elf/lib/libc.a(lib_a-impure.o)
 .bss           0x0000000000ff0d00        0x0 /opt/toolchains/gen/m68k-elf/m68k-elf/lib/libc.a(lib_a-malloc.o)
 .bss           0x0000000000ff0d00       0x34 /opt/toolchains/gen/m68k-elf/m68k-elf/lib/libc.a(lib_a-mallocr.o)
                0x0000000000ff0d00                __malloc_top_pad
                0x0000000000ff0d04                __malloc_max_sbrked_mem
                0x0000000000ff0d08                __malloc_max_total_mem
                0x0000000000ff0d0c                __malloc_current_mallinfo
 .bss           0x0000000000ff0d34        0x4 /opt/toolchains/gen/m68k-elf/m68k-elf/lib/libc.a(lib_a-mlock.o)
 .bss           0x0000000000ff0d38        0x0 /opt/toolchains/gen/m68k-elf/m68k-elf/lib/libc.a(lib_a-realloc.o)
 .bss           0x0000000000ff0d38        0x0 /opt/toolchains/gen/m68k-elf/m68k-elf/lib/libc.a(lib_a-reallocr.o)
 .bss           0x0000000000ff0d38        0x0 /opt/toolchains/gen/m68k-elf/m68k-elf/lib/libc.a(lib_a-sbrkr.o)
 .bss           0x0000000000ff0d38        0x0 /opt/toolchains/gen/m68k-elf/m68k-elf/lib/libc.a(lib_a-freer.o)
 .bss           0x0000000000ff0d38        0x0 /opt/toolchains/gen/m68k-elf/m68k-elf/lib/libc.a(lib_a-memmove.o)
 .bss           0x0000000000ff0d38        0x0 /opt/toolchains/gen/m68k-elf/m68k-elf/lib/libc.a(lib_a-reent.o)
 .bss           0x0000000000ff0d38        0x4 /opt/toolchains/gen/m68k-elf/m68k-elf/lib/libnosys.a(sbrk.o)
 *(COMMON)
 COMMON         0x0000000000ff0d3c       0x94 /opt/toolchains/gen/m68k-elf/lib/libmd.a(sys.o)
                0x0000000000ff0d3c                illegalInstCB
                0x0000000000ff0d40                errorExceptionCB
                0x0000000000ff0d44                trapvInstCB
                0x0000000000ff0d48                chkInstCB
                0x0000000000ff0d4c                registerState
                0x0000000000ff0d8c                srState
                0x0000000000ff0d8e                line1x1xCB
                0x0000000000ff0d92                ext2State
                0x0000000000ff0d94                traceCB
                0x0000000000ff0d98                intTrace
                0x0000000000ff0d9a                zeroDivideCB
                0x0000000000ff0d9e                internalExtIntCB
                0x0000000000ff0da2                internalVIntCB
                0x0000000000ff0da6                intCB
                0x0000000000ff0daa                addressErrorCB
                0x0000000000ff0dae                VIntProcess
                0x0000000000ff0db2                ExtIntProcess
                0x0000000000ff0db6                HIntProcess
                0x0000000000ff0dba                privilegeViolationCB
                0x0000000000ff0dbe                pcState
                0x0000000000ff0dc2                ext1State
                0x0000000000ff0dc4                busErrorCB
                0x0000000000ff0dc8                internalHIntCB
                0x0000000000ff0dcc                addrState
 COMMON         0x0000000000ff0dd0        0xe /opt/toolchains/gen/m68k-elf/lib/libmd.a(vdp.o)
                0x0000000000ff0dd0                slist_adr
                0x0000000000ff0dd2                hscrl_adr
                0x0000000000ff0dd4                screenHeight
                0x0000000000ff0dd6                screenWidth
                0x0000000000ff0dd8                aplan_adr
                0x0000000000ff0dda                bplan_adr
                0x0000000000ff0ddc                window_adr
 COMMON         0x0000000000ff0dde        0x4 /opt/toolchains/gen/m68k-elf/lib/libmd.a(timer.o)
                0x0000000000ff0dde                vtimer
 COMMON         0x0000000000ff0de2      0x282 /opt/toolchains/gen/m68k-elf/lib/libmd.a(vdp_spr.o)
                0x0000000000ff0de2                spriteNum
                0x0000000000ff0de4                vdpSpriteCache
 COMMON         0x0000000000ff1064        0x8 /opt/toolchains/gen/m68k-elf/lib/libmd.a(bmp.o)
                0x0000000000ff1064                bmp_buffer_write
                0x0000000000ff1068                bmp_buffer_read
 COMMON         0x0000000000ff106c        0x4 /opt/toolchains/gen/m68k-elf/lib/libmd.a(tile_cache.o)
                0x0000000000ff106c                uploads
 COMMON         0x0000000000ff1070        0x8 /opt/toolchains/gen/m68k-elf/lib/libmd.a(vdp_bg.o)
                0x0000000000ff1070                text_basetile
                0x0000000000ff1072                curTileInd
                0x0000000000ff1074                text_plan
 COMMON         0x0000000000ff1078        0x2 /opt/toolchains/gen/m68k-elf/lib/libmd.a(maths.o)
                0x0000000000ff1078                randbase
 COMMON         0x0000000000ff107a        0x4 /opt/toolchains/gen/m68k-elf/lib/libmd.a(sprite_eng.o)
                0x0000000000ff107a                VDPSpriteCache
 COMMON         0x0000000000ff107e        0x2 res/globals.o
                0x0000000000ff107e                TILES_USED
 COMMON         0x0000000000ff1080        0x4 /opt/toolchains/gen/m68k-elf/m68k-elf/lib/libc.a(lib_a-reent.o)
                0x0000000000ff1080                errno
                0x0000000000ff1084                _bend = .
                0x0000000000ff1084                end = _bend

.stab
 *(.stab)

.stabstr
 *(.stabstr)

.eh_frame
 *(.eh_frame)
OUTPUT(out.elf elf32-m68k)

.comment        0x0000000000000000       0x11
 .comment       0x0000000000000000       0x11 /opt/toolchains/gen/m68k-elf/lib/libmd.a(sys.o)
                                         0x12 (size before relaxing)
 .comment       0x0000000000000000       0x12 /opt/toolchains/gen/m68k-elf/lib/libmd.a(vdp.o)
 .comment       0x0000000000000000       0x12 /opt/toolchains/gen/m68k-elf/lib/libmd.a(tools.o)
 .comment       0x0000000000000000       0x12 /opt/toolchains/gen/m68k-elf/lib/libmd.a(memory.o)
 .comment       0x0000000000000000       0x12 /opt/toolchains/gen/m68k-elf/lib/libmd.a(timer.o)
 .comment       0x0000000000000000       0x12 /opt/toolchains/gen/m68k-elf/lib/libmd.a(z80_ctrl.o)
 .comment       0x0000000000000000       0x12 /opt/toolchains/gen/m68k-elf/lib/libmd.a(ym2612.o)
 .comment       0x0000000000000000       0x12 /opt/toolchains/gen/m68k-elf/lib/libmd.a(vdp_pal.o)
 .comment       0x0000000000000000       0x12 /opt/toolchains/gen/m68k-elf/lib/libmd.a(psg.o)
 .comment       0x0000000000000000       0x12 /opt/toolchains/gen/m68k-elf/lib/libmd.a(z80_vgm.o)
 .comment       0x0000000000000000       0x12 /opt/toolchains/gen/m68k-elf/lib/libmd.a(vdp_tile.o)
 .comment       0x0000000000000000       0x12 /opt/toolchains/gen/m68k-elf/lib/libmd.a(vdp_spr.o)
 .comment       0x0000000000000000       0x12 /opt/toolchains/gen/m68k-elf/lib/libmd.a(tab_cnv.o)
 .comment       0x0000000000000000       0x12 /opt/toolchains/gen/m68k-elf/lib/libmd.a(vdp_dma.o)
 .comment       0x0000000000000000       0x12 /opt/toolchains/gen/m68k-elf/lib/libmd.a(bmp.o)
 .comment       0x0000000000000000       0x12 /opt/toolchains/gen/m68k-elf/lib/libmd.a(tile_cache.o)
 .comment       0x0000000000000000       0x12 /opt/toolchains/gen/m68k-elf/lib/libmd.a(vdp_bg.o)
 .comment       0x0000000000000000       0x12 /opt/toolchains/gen/m68k-elf/lib/libmd.a(tab_vol.o)
 .comment       0x0000000000000000       0x12 /opt/toolchains/gen/m68k-elf/lib/libmd.a(maths.o)
 .comment       0x0000000000000000       0x12 /opt/toolchains/gen/m68k-elf/lib/libmd.a(sprite_eng.o)
 .comment       0x0000000000000000       0x12 /opt/toolchains/gen/m68k-elf/lib/libmd.a(string.o)
 .comment       0x0000000000000000       0x12 /opt/toolchains/gen/m68k-elf/lib/libmd.a(joy.o)
 .comment       0x0000000000000000       0x12 /opt/toolchains/gen/m68k-elf/lib/libmd.a(types.o)
 .comment       0x0000000000000000       0x12 src/boxview.o
 .comment       0x0000000000000000       0x12 src/baseview.o
 .comment       0x0000000000000000       0x12 src/utility.o
 .comment       0x0000000000000000       0x12 src/simpletextview.o
 .comment       0x0000000000000000       0x12 src/main.o
 .comment       0x0000000000000000       0x12 src/jsmn.o
 .comment       0x0000000000000000       0x12 src/romble.o
 .comment       0x0000000000000000       0x12 res/globals.o
 .comment       0x0000000000000000       0x12 /opt/toolchains/gen/m68k-elf/m68k-elf/lib/libc.a(lib_a-calloc.o)
 .comment       0x0000000000000000       0x12 /opt/toolchains/gen/m68k-elf/m68k-elf/lib/libc.a(lib_a-callocr.o)
 .comment       0x0000000000000000       0x12 /opt/toolchains/gen/m68k-elf/m68k-elf/lib/libc.a(lib_a-impure.o)
 .comment       0x0000000000000000       0x12 /opt/toolchains/gen/m68k-elf/m68k-elf/lib/libc.a(lib_a-malloc.o)
 .comment       0x0000000000000000       0x12 /opt/toolchains/gen/m68k-elf/m68k-elf/lib/libc.a(lib_a-mallocr.o)
 .comment       0x0000000000000000       0x12 /opt/toolchains/gen/m68k-elf/m68k-elf/lib/libc.a(lib_a-mlock.o)
 .comment       0x0000000000000000       0x12 /opt/toolchains/gen/m68k-elf/m68k-elf/lib/libc.a(lib_a-realloc.o)
 .comment       0x0000000000000000       0x12 /opt/toolchains/gen/m68k-elf/m68k-elf/lib/libc.a(lib_a-reallocr.o)
 .comment       0x0000000000000000       0x12 /opt/toolchains/gen/m68k-elf/m68k-elf/lib/libc.a(lib_a-sbrkr.o)
 .comment       0x0000000000000000       0x12 /opt/toolchains/gen/m68k-elf/m68k-elf/lib/libc.a(lib_a-freer.o)
 .comment       0x0000000000000000       0x12 /opt/toolchains/gen/m68k-elf/m68k-elf/lib/libc.a(lib_a-memmove.o)
 .comment       0x0000000000000000       0x12 /opt/toolchains/gen/m68k-elf/m68k-elf/lib/libc.a(lib_a-reent.o)
 .comment       0x0000000000000000       0x12 /opt/toolchains/gen/m68k-elf/m68k-elf/lib/libnosys.a(sbrk.o)

.debug_line     0x0000000000000000     0x1403
 .debug_line    0x0000000000000000       0x6a /opt/toolchains/gen/m68k-elf/lib/gcc/m68k-elf/4.8.2/libgcc.a(_mulsi3.o)
 .debug_line    0x000000000000006a       0x83 /opt/toolchains/gen/m68k-elf/lib/gcc/m68k-elf/4.8.2/libgcc.a(_udivsi3.o)
 .debug_line    0x00000000000000ed       0x72 /opt/toolchains/gen/m68k-elf/lib/gcc/m68k-elf/4.8.2/libgcc.a(_divsi3.o)
 .debug_line    0x000000000000015f       0x6e /opt/toolchains/gen/m68k-elf/lib/gcc/m68k-elf/4.8.2/libgcc.a(_umodsi3.o)
 .debug_line    0x00000000000001cd      0x153 /opt/toolchains/gen/m68k-elf/m68k-elf/lib/libc.a(lib_a-calloc.o)
 .debug_line    0x0000000000000320      0x12d /opt/toolchains/gen/m68k-elf/m68k-elf/lib/libc.a(lib_a-callocr.o)
 .debug_line    0x000000000000044d       0xfd /opt/toolchains/gen/m68k-elf/m68k-elf/lib/libc.a(lib_a-impure.o)
 .debug_line    0x000000000000054a      0x157 /opt/toolchains/gen/m68k-elf/m68k-elf/lib/libc.a(lib_a-malloc.o)
 .debug_line    0x00000000000006a1      0x2d2 /opt/toolchains/gen/m68k-elf/m68k-elf/lib/libc.a(lib_a-mallocr.o)
 .debug_line    0x0000000000000973      0x10f /opt/toolchains/gen/m68k-elf/m68k-elf/lib/libc.a(lib_a-mlock.o)
 .debug_line    0x0000000000000a82      0x154 /opt/toolchains/gen/m68k-elf/m68k-elf/lib/libc.a(lib_a-realloc.o)
 .debug_line    0x0000000000000bd6      0x1fd /opt/toolchains/gen/m68k-elf/m68k-elf/lib/libc.a(lib_a-reallocr.o)
 .debug_line    0x0000000000000dd3      0x15a /opt/toolchains/gen/m68k-elf/m68k-elf/lib/libc.a(lib_a-sbrkr.o)
 .debug_line    0x0000000000000f2d      0x1d7 /opt/toolchains/gen/m68k-elf/m68k-elf/lib/libc.a(lib_a-freer.o)
 .debug_line    0x0000000000001104      0x139 /opt/toolchains/gen/m68k-elf/m68k-elf/lib/libc.a(lib_a-memmove.o)
 .debug_line    0x000000000000123d      0x15e /opt/toolchains/gen/m68k-elf/m68k-elf/lib/libc.a(lib_a-reent.o)
 .debug_line    0x000000000000139b       0x68 /opt/toolchains/gen/m68k-elf/m68k-elf/lib/libnosys.a(sbrk.o)

.debug_info     0x0000000000000000     0x6c98
 .debug_info    0x0000000000000000       0x95 /opt/toolchains/gen/m68k-elf/lib/gcc/m68k-elf/4.8.2/libgcc.a(_mulsi3.o)
 .debug_info    0x0000000000000095       0x95 /opt/toolchains/gen/m68k-elf/lib/gcc/m68k-elf/4.8.2/libgcc.a(_udivsi3.o)
 .debug_info    0x000000000000012a       0x95 /opt/toolchains/gen/m68k-elf/lib/gcc/m68k-elf/4.8.2/libgcc.a(_divsi3.o)
 .debug_info    0x00000000000001bf       0x95 /opt/toolchains/gen/m68k-elf/lib/gcc/m68k-elf/4.8.2/libgcc.a(_umodsi3.o)
 .debug_info    0x0000000000000254      0x8a2 /opt/toolchains/gen/m68k-elf/m68k-elf/lib/libc.a(lib_a-calloc.o)
 .debug_info    0x0000000000000af6      0x96a /opt/toolchains/gen/m68k-elf/m68k-elf/lib/libc.a(lib_a-callocr.o)
 .debug_info    0x0000000000001460      0x889 /opt/toolchains/gen/m68k-elf/m68k-elf/lib/libc.a(lib_a-impure.o)
 .debug_info    0x0000000000001ce9      0x8ba /opt/toolchains/gen/m68k-elf/m68k-elf/lib/libc.a(lib_a-malloc.o)
 .debug_info    0x00000000000025a3      0xbb1 /opt/toolchains/gen/m68k-elf/m68k-elf/lib/libc.a(lib_a-mallocr.o)
 .debug_info    0x0000000000003154      0x8b0 /opt/toolchains/gen/m68k-elf/m68k-elf/lib/libc.a(lib_a-mlock.o)
 .debug_info    0x0000000000003a04      0x8a3 /opt/toolchains/gen/m68k-elf/m68k-elf/lib/libc.a(lib_a-realloc.o)
 .debug_info    0x00000000000042a7      0xb1a /opt/toolchains/gen/m68k-elf/m68k-elf/lib/libc.a(lib_a-reallocr.o)
 .debug_info    0x0000000000004dc1      0x8c2 /opt/toolchains/gen/m68k-elf/m68k-elf/lib/libc.a(lib_a-sbrkr.o)
 .debug_info    0x0000000000005683      0xae8 /opt/toolchains/gen/m68k-elf/m68k-elf/lib/libc.a(lib_a-freer.o)
 .debug_info    0x000000000000616b      0x12c /opt/toolchains/gen/m68k-elf/m68k-elf/lib/libc.a(lib_a-memmove.o)
 .debug_info    0x0000000000006297      0x967 /opt/toolchains/gen/m68k-elf/m68k-elf/lib/libc.a(lib_a-reent.o)
 .debug_info    0x0000000000006bfe       0x9a /opt/toolchains/gen/m68k-elf/m68k-elf/lib/libnosys.a(sbrk.o)

.debug_abbrev   0x0000000000000000     0x155b
 .debug_abbrev  0x0000000000000000       0x14 /opt/toolchains/gen/m68k-elf/lib/gcc/m68k-elf/4.8.2/libgcc.a(_mulsi3.o)
 .debug_abbrev  0x0000000000000014       0x14 /opt/toolchains/gen/m68k-elf/lib/gcc/m68k-elf/4.8.2/libgcc.a(_udivsi3.o)
 .debug_abbrev  0x0000000000000028       0x14 /opt/toolchains/gen/m68k-elf/lib/gcc/m68k-elf/4.8.2/libgcc.a(_divsi3.o)
 .debug_abbrev  0x000000000000003c       0x14 /opt/toolchains/gen/m68k-elf/lib/gcc/m68k-elf/4.8.2/libgcc.a(_umodsi3.o)
 .debug_abbrev  0x0000000000000050      0x1af /opt/toolchains/gen/m68k-elf/m68k-elf/lib/libc.a(lib_a-calloc.o)
 .debug_abbrev  0x00000000000001ff      0x1d4 /opt/toolchains/gen/m68k-elf/m68k-elf/lib/libc.a(lib_a-callocr.o)
 .debug_abbrev  0x00000000000003d3      0x180 /opt/toolchains/gen/m68k-elf/m68k-elf/lib/libc.a(lib_a-impure.o)
 .debug_abbrev  0x0000000000000553      0x1ba /opt/toolchains/gen/m68k-elf/m68k-elf/lib/libc.a(lib_a-malloc.o)
 .debug_abbrev  0x000000000000070d      0x1fd /opt/toolchains/gen/m68k-elf/m68k-elf/lib/libc.a(lib_a-mallocr.o)
 .debug_abbrev  0x000000000000090a      0x19a /opt/toolchains/gen/m68k-elf/m68k-elf/lib/libc.a(lib_a-mlock.o)
 .debug_abbrev  0x0000000000000aa4      0x1af /opt/toolchains/gen/m68k-elf/m68k-elf/lib/libc.a(lib_a-realloc.o)
 .debug_abbrev  0x0000000000000c53      0x200 /opt/toolchains/gen/m68k-elf/m68k-elf/lib/libc.a(lib_a-reallocr.o)
 .debug_abbrev  0x0000000000000e53      0x1d1 /opt/toolchains/gen/m68k-elf/m68k-elf/lib/libc.a(lib_a-sbrkr.o)
 .debug_abbrev  0x0000000000001024      0x1ff /opt/toolchains/gen/m68k-elf/m68k-elf/lib/libc.a(lib_a-freer.o)
 .debug_abbrev  0x0000000000001223       0x9c /opt/toolchains/gen/m68k-elf/m68k-elf/lib/libc.a(lib_a-memmove.o)
 .debug_abbrev  0x00000000000012bf      0x20a /opt/toolchains/gen/m68k-elf/m68k-elf/lib/libc.a(lib_a-reent.o)
 .debug_abbrev  0x00000000000014c9       0x92 /opt/toolchains/gen/m68k-elf/m68k-elf/lib/libnosys.a(sbrk.o)

.debug_aranges  0x0000000000000000      0x218
 .debug_aranges
                0x0000000000000000       0x20 /opt/toolchains/gen/m68k-elf/lib/gcc/m68k-elf/4.8.2/libgcc.a(_mulsi3.o)
 .debug_aranges
                0x0000000000000020       0x20 /opt/toolchains/gen/m68k-elf/lib/gcc/m68k-elf/4.8.2/libgcc.a(_udivsi3.o)
 .debug_aranges
                0x0000000000000040       0x20 /opt/toolchains/gen/m68k-elf/lib/gcc/m68k-elf/4.8.2/libgcc.a(_divsi3.o)
 .debug_aranges
                0x0000000000000060       0x20 /opt/toolchains/gen/m68k-elf/lib/gcc/m68k-elf/4.8.2/libgcc.a(_umodsi3.o)
 .debug_aranges
                0x0000000000000080       0x20 /opt/toolchains/gen/m68k-elf/m68k-elf/lib/libc.a(lib_a-calloc.o)
 .debug_aranges
                0x00000000000000a0       0x20 /opt/toolchains/gen/m68k-elf/m68k-elf/lib/libc.a(lib_a-callocr.o)
 .debug_aranges
                0x00000000000000c0       0x18 /opt/toolchains/gen/m68k-elf/m68k-elf/lib/libc.a(lib_a-impure.o)
 .debug_aranges
                0x00000000000000d8       0x20 /opt/toolchains/gen/m68k-elf/m68k-elf/lib/libc.a(lib_a-malloc.o)
 .debug_aranges
                0x00000000000000f8       0x20 /opt/toolchains/gen/m68k-elf/m68k-elf/lib/libc.a(lib_a-mallocr.o)
 .debug_aranges
                0x0000000000000118       0x20 /opt/toolchains/gen/m68k-elf/m68k-elf/lib/libc.a(lib_a-mlock.o)
 .debug_aranges
                0x0000000000000138       0x20 /opt/toolchains/gen/m68k-elf/m68k-elf/lib/libc.a(lib_a-realloc.o)
 .debug_aranges
                0x0000000000000158       0x20 /opt/toolchains/gen/m68k-elf/m68k-elf/lib/libc.a(lib_a-reallocr.o)
 .debug_aranges
                0x0000000000000178       0x20 /opt/toolchains/gen/m68k-elf/m68k-elf/lib/libc.a(lib_a-sbrkr.o)
 .debug_aranges
                0x0000000000000198       0x20 /opt/toolchains/gen/m68k-elf/m68k-elf/lib/libc.a(lib_a-freer.o)
 .debug_aranges
                0x00000000000001b8       0x20 /opt/toolchains/gen/m68k-elf/m68k-elf/lib/libc.a(lib_a-memmove.o)
 .debug_aranges
                0x00000000000001d8       0x20 /opt/toolchains/gen/m68k-elf/m68k-elf/lib/libc.a(lib_a-reent.o)
 .debug_aranges
                0x00000000000001f8       0x20 /opt/toolchains/gen/m68k-elf/m68k-elf/lib/libnosys.a(sbrk.o)

.debug_str      0x0000000000000000      0xb23
 .debug_str     0x0000000000000000      0x494 /opt/toolchains/gen/m68k-elf/m68k-elf/lib/libc.a(lib_a-calloc.o)
                                        0x510 (size before relaxing)
 .debug_str     0x0000000000000494       0x7e /opt/toolchains/gen/m68k-elf/m68k-elf/lib/libc.a(lib_a-callocr.o)
                                        0x542 (size before relaxing)
 .debug_str     0x0000000000000512       0xa5 /opt/toolchains/gen/m68k-elf/m68k-elf/lib/libc.a(lib_a-impure.o)
                                        0x51a (size before relaxing)
 .debug_str     0x00000000000005b7       0x4a /opt/toolchains/gen/m68k-elf/m68k-elf/lib/libc.a(lib_a-malloc.o)
                                        0x51c (size before relaxing)
 .debug_str     0x0000000000000601      0x1a1 /opt/toolchains/gen/m68k-elf/m68k-elf/lib/libc.a(lib_a-mallocr.o)
                                        0x6f1 (size before relaxing)
 .debug_str     0x00000000000007a2       0x6b /opt/toolchains/gen/m68k-elf/m68k-elf/lib/libc.a(lib_a-mlock.o)
                                        0x523 (size before relaxing)
 .debug_str     0x000000000000080d       0x42 /opt/toolchains/gen/m68k-elf/m68k-elf/lib/libc.a(lib_a-realloc.o)
                                        0x514 (size before relaxing)
 .debug_str     0x000000000000084f       0x61 /opt/toolchains/gen/m68k-elf/m68k-elf/lib/libc.a(lib_a-reallocr.o)
                                        0x5c3 (size before relaxing)
 .debug_str     0x00000000000008b0       0x53 /opt/toolchains/gen/m68k-elf/m68k-elf/lib/libc.a(lib_a-sbrkr.o)
                                        0x510 (size before relaxing)
 .debug_str     0x0000000000000903       0x3c /opt/toolchains/gen/m68k-elf/m68k-elf/lib/libc.a(lib_a-freer.o)
                                        0x643 (size before relaxing)
 .debug_str     0x000000000000093f       0xc2 /opt/toolchains/gen/m68k-elf/m68k-elf/lib/libc.a(lib_a-memmove.o)
                                        0x183 (size before relaxing)
 .debug_str     0x0000000000000a01       0x71 /opt/toolchains/gen/m68k-elf/m68k-elf/lib/libc.a(lib_a-reent.o)
                                        0x53f (size before relaxing)
 .debug_str     0x0000000000000a72       0xb1 /opt/toolchains/gen/m68k-elf/m68k-elf/lib/libnosys.a(sbrk.o)
                                         0xc9 (size before relaxing)

.debug_frame    0x0000000000000000      0x2bc
 .debug_frame   0x0000000000000000       0x2c /opt/toolchains/gen/m68k-elf/m68k-elf/lib/libc.a(lib_a-calloc.o)
 .debug_frame   0x000000000000002c       0x2c /opt/toolchains/gen/m68k-elf/m68k-elf/lib/libc.a(lib_a-callocr.o)
 .debug_frame   0x0000000000000058       0x44 /opt/toolchains/gen/m68k-elf/m68k-elf/lib/libc.a(lib_a-malloc.o)
 .debug_frame   0x000000000000009c       0x4c /opt/toolchains/gen/m68k-elf/m68k-elf/lib/libc.a(lib_a-mallocr.o)
 .debug_frame   0x00000000000000e8       0x44 /opt/toolchains/gen/m68k-elf/m68k-elf/lib/libc.a(lib_a-mlock.o)
 .debug_frame   0x000000000000012c       0x2c /opt/toolchains/gen/m68k-elf/m68k-elf/lib/libc.a(lib_a-realloc.o)
 .debug_frame   0x0000000000000158       0x30 /opt/toolchains/gen/m68k-elf/m68k-elf/lib/libc.a(lib_a-reallocr.o)
 .debug_frame   0x0000000000000188       0x2c /opt/toolchains/gen/m68k-elf/m68k-elf/lib/libc.a(lib_a-sbrkr.o)
 .debug_frame   0x00000000000001b4       0x4c /opt/toolchains/gen/m68k-elf/m68k-elf/lib/libc.a(lib_a-freer.o)
 .debug_frame   0x0000000000000200       0x30 /opt/toolchains/gen/m68k-elf/m68k-elf/lib/libc.a(lib_a-memmove.o)
 .debug_frame   0x0000000000000230       0x60 /opt/toolchains/gen/m68k-elf/m68k-elf/lib/libc.a(lib_a-reent.o)
 .debug_frame   0x0000000000000290       0x2c /opt/toolchains/gen/m68k-elf/m68k-elf/lib/libnosys.a(sbrk.o)

.debug_ranges   0x0000000000000000       0x30
 .debug_ranges  0x0000000000000000       0x30 /opt/toolchains/gen/m68k-elf/m68k-elf/lib/libc.a(lib_a-reallocr.o)

.debug_loc      0x0000000000000000       0x1e
 .debug_loc     0x0000000000000000       0x1e /opt/toolchains/gen/m68k-elf/m68k-elf/lib/libnosys.a(sbrk.o)
