Archive member included because of file (symbol)

/opt/toolchains/gen/m68k-elf/lib/libmd.a(sys.o)
                              boot/sega.o (_start_entry)
/opt/toolchains/gen/m68k-elf/lib/libmd.a(vdp.o)
                              /opt/toolchains/gen/m68k-elf/lib/libmd.a(sys.o) (VDP_init)
/opt/toolchains/gen/m68k-elf/lib/libmd.a(tools.o)
                              /opt/toolchains/gen/m68k-elf/lib/libmd.a(vdp.o) (getFPS)
/opt/toolchains/gen/m68k-elf/lib/libmd.a(memory.o)
                              /opt/toolchains/gen/m68k-elf/lib/libmd.a(sys.o) (MEM_init)
/opt/toolchains/gen/m68k-elf/lib/libmd.a(timer.o)
                              /opt/toolchains/gen/m68k-elf/lib/libmd.a(tools.o) (getSubTick)
/opt/toolchains/gen/m68k-elf/lib/libmd.a(z80_ctrl.o)
                              /opt/toolchains/gen/m68k-elf/lib/libmd.a(sys.o) (Z80_init)
/opt/toolchains/gen/m68k-elf/lib/libmd.a(ym2612.o)
                              /opt/toolchains/gen/m68k-elf/lib/libmd.a(z80_ctrl.o) (YM2612_reset)
/opt/toolchains/gen/m68k-elf/lib/libmd.a(vdp_pal.o)
                              /opt/toolchains/gen/m68k-elf/lib/libmd.a(sys.o) (VDP_doStepFading)
/opt/toolchains/gen/m68k-elf/lib/libmd.a(psg.o)
                              /opt/toolchains/gen/m68k-elf/lib/libmd.a(sys.o) (PSG_init)
/opt/toolchains/gen/m68k-elf/lib/libmd.a(z80_vgm.o)
                              /opt/toolchains/gen/m68k-elf/lib/libmd.a(z80_ctrl.o) (z80_vgm)
/opt/toolchains/gen/m68k-elf/lib/libmd.a(vdp_tile.o)
                              /opt/toolchains/gen/m68k-elf/lib/libmd.a(vdp.o) (VDP_loadFont)
/opt/toolchains/gen/m68k-elf/lib/libmd.a(vdp_spr.o)
                              /opt/toolchains/gen/m68k-elf/lib/libmd.a(vdp.o) (VDP_resetSprites)
/opt/toolchains/gen/m68k-elf/lib/libmd.a(tab_cnv.o)
                              /opt/toolchains/gen/m68k-elf/lib/libmd.a(vdp_tile.o) (cnv_8to32_tab)
/opt/toolchains/gen/m68k-elf/lib/libmd.a(vdp_dma.o)
                              /opt/toolchains/gen/m68k-elf/lib/libmd.a(vdp_tile.o) (VDP_doDMA)
/opt/toolchains/gen/m68k-elf/lib/libmd.a(bmp.o)
                              /opt/toolchains/gen/m68k-elf/lib/libmd.a(sys.o) (BMP_doVBlankProcess)
/opt/toolchains/gen/m68k-elf/lib/libmd.a(tile_cache.o)
                              /opt/toolchains/gen/m68k-elf/lib/libmd.a(sys.o) (uploads)
/opt/toolchains/gen/m68k-elf/lib/libmd.a(vdp_bg.o)
                              /opt/toolchains/gen/m68k-elf/lib/libmd.a(vdp.o) (VDP_setVerticalScroll)
/opt/toolchains/gen/m68k-elf/lib/libmd.a(smp_null_pcm.o)
                              /opt/toolchains/gen/m68k-elf/lib/libmd.a(z80_ctrl.o) (smp_null_pcm)
/opt/toolchains/gen/m68k-elf/lib/libmd.a(vdp_tile_a.o)
                              /opt/toolchains/gen/m68k-elf/lib/libmd.a(vdp_tile.o) (VDP_loadTileData)
/opt/toolchains/gen/m68k-elf/lib/libmd.a(memory_a.o)
                              /opt/toolchains/gen/m68k-elf/lib/libmd.a(memory.o) (memset)
/opt/toolchains/gen/m68k-elf/lib/libmd.a(vdp_pal_a.o)
                              /opt/toolchains/gen/m68k-elf/lib/libmd.a(vdp_pal.o) (VDP_getPaletteColors)
/opt/toolchains/gen/m68k-elf/lib/libmd.a(sys_a.o)
                              /opt/toolchains/gen/m68k-elf/lib/libmd.a(timer.o) (SYS_getInterruptMaskLevel)
/opt/toolchains/gen/m68k-elf/lib/libmd.a(kdebug.o)
                              /opt/toolchains/gen/m68k-elf/lib/libmd.a(tools.o) (KDebug_Alert)
/opt/toolchains/gen/m68k-elf/lib/libmd.a(bmp_a.o)
                              /opt/toolchains/gen/m68k-elf/lib/libmd.a(bmp.o) (clearBitmapBuffer)
/opt/toolchains/gen/m68k-elf/lib/libmd.a(smp_null.o)
                              /opt/toolchains/gen/m68k-elf/lib/libmd.a(z80_ctrl.o) (smp_null)
/opt/toolchains/gen/m68k-elf/lib/libmd.a(tools_a.o)
                              /opt/toolchains/gen/m68k-elf/lib/libmd.a(tools.o) (aplib_unpack)
/opt/toolchains/gen/m68k-elf/lib/libmd.a(z80_drv1.o)
                              /opt/toolchains/gen/m68k-elf/lib/libmd.a(z80_ctrl.o) (z80_drv1)
/opt/toolchains/gen/m68k-elf/lib/libmd.a(z80_tfm.o)
                              /opt/toolchains/gen/m68k-elf/lib/libmd.a(z80_ctrl.o) (z80_tfm)
/opt/toolchains/gen/m68k-elf/lib/libmd.a(z80_drv2.o)
                              /opt/toolchains/gen/m68k-elf/lib/libmd.a(z80_ctrl.o) (z80_drv2)
/opt/toolchains/gen/m68k-elf/lib/libmd.a(z80_drv3.o)
                              /opt/toolchains/gen/m68k-elf/lib/libmd.a(z80_ctrl.o) (z80_drv3)
/opt/toolchains/gen/m68k-elf/lib/libmd.a(z80_xgm.o)
                              /opt/toolchains/gen/m68k-elf/lib/libmd.a(z80_ctrl.o) (z80_xgm)
/opt/toolchains/gen/m68k-elf/lib/libmd.a(z80_mvs.o)
                              /opt/toolchains/gen/m68k-elf/lib/libmd.a(z80_ctrl.o) (z80_mvs)
/opt/toolchains/gen/m68k-elf/lib/libmd.a(libres.o)
                              /opt/toolchains/gen/m68k-elf/lib/libmd.a(vdp.o) (font_lib)
/opt/toolchains/gen/m68k-elf/lib/libmd.a(tab_vol.o)
                              /opt/toolchains/gen/m68k-elf/lib/libmd.a(z80_ctrl.o) (tab_vol)
/opt/toolchains/gen/m68k-elf/lib/libmd.a(maths.o)
                              /opt/toolchains/gen/m68k-elf/lib/libmd.a(sys.o) (randbase)
/opt/toolchains/gen/m68k-elf/lib/libmd.a(sprite_eng.o)
                              /opt/toolchains/gen/m68k-elf/lib/libmd.a(sys.o) (SPR_doVBlankProcess)
/opt/toolchains/gen/m68k-elf/lib/libmd.a(string.o)
                              /opt/toolchains/gen/m68k-elf/lib/libmd.a(sys.o) (strlen)
/opt/toolchains/gen/m68k-elf/lib/libmd.a(joy.o)
                              /opt/toolchains/gen/m68k-elf/lib/libmd.a(sys.o) (JOY_init)
/opt/toolchains/gen/m68k-elf/lib/libmd.a(types.o)
                              /opt/toolchains/gen/m68k-elf/lib/libmd.a(z80_ctrl.o) (getZeroU8)
/opt/toolchains/gen/m68k-elf/lib/gcc/m68k-elf/4.8.2/libgcc.a(_mulsi3.o)
                              /opt/toolchains/gen/m68k-elf/lib/libmd.a(tools.o) (__mulsi3)
/opt/toolchains/gen/m68k-elf/lib/gcc/m68k-elf/4.8.2/libgcc.a(_udivsi3.o)
                              /opt/toolchains/gen/m68k-elf/lib/libmd.a(tools.o) (__udivsi3)
/opt/toolchains/gen/m68k-elf/lib/gcc/m68k-elf/4.8.2/libgcc.a(_divsi3.o)
                              /opt/toolchains/gen/m68k-elf/lib/libmd.a(vdp_pal.o) (__divsi3)
/opt/toolchains/gen/m68k-elf/lib/gcc/m68k-elf/4.8.2/libgcc.a(_umodsi3.o)
                              /opt/toolchains/gen/m68k-elf/lib/libmd.a(string.o) (__umodsi3)

Allocating common symbols
Common symbol       size              file

illegalInstCB       0x4               /opt/toolchains/gen/m68k-elf/lib/libmd.a(sys.o)
slist_adr           0x2               /opt/toolchains/gen/m68k-elf/lib/libmd.a(vdp.o)
errorExceptionCB    0x4               /opt/toolchains/gen/m68k-elf/lib/libmd.a(sys.o)
trapvInstCB         0x4               /opt/toolchains/gen/m68k-elf/lib/libmd.a(sys.o)
vtimer              0x4               /opt/toolchains/gen/m68k-elf/lib/libmd.a(timer.o)
chkInstCB           0x4               /opt/toolchains/gen/m68k-elf/lib/libmd.a(sys.o)
registerState       0x40              /opt/toolchains/gen/m68k-elf/lib/libmd.a(sys.o)
text_basetile       0x2               /opt/toolchains/gen/m68k-elf/lib/libmd.a(vdp_bg.o)
bmp_buffer_write    0x4               /opt/toolchains/gen/m68k-elf/lib/libmd.a(bmp.o)
srState             0x2               /opt/toolchains/gen/m68k-elf/lib/libmd.a(sys.o)
line1x1xCB          0x4               /opt/toolchains/gen/m68k-elf/lib/libmd.a(sys.o)
randbase            0x2               /opt/toolchains/gen/m68k-elf/lib/libmd.a(maths.o)
ext2State           0x2               /opt/toolchains/gen/m68k-elf/lib/libmd.a(sys.o)
traceCB             0x4               /opt/toolchains/gen/m68k-elf/lib/libmd.a(sys.o)
intTrace            0x2               /opt/toolchains/gen/m68k-elf/lib/libmd.a(sys.o)
zeroDivideCB        0x4               /opt/toolchains/gen/m68k-elf/lib/libmd.a(sys.o)
curTileInd          0x2               /opt/toolchains/gen/m68k-elf/lib/libmd.a(vdp_bg.o)
hscrl_adr           0x2               /opt/toolchains/gen/m68k-elf/lib/libmd.a(vdp.o)
internalExtIntCB    0x4               /opt/toolchains/gen/m68k-elf/lib/libmd.a(sys.o)
spriteNum           0x2               /opt/toolchains/gen/m68k-elf/lib/libmd.a(vdp_spr.o)
text_plan           0x4               /opt/toolchains/gen/m68k-elf/lib/libmd.a(vdp_bg.o)
screenHeight        0x2               /opt/toolchains/gen/m68k-elf/lib/libmd.a(vdp.o)
internalVIntCB      0x4               /opt/toolchains/gen/m68k-elf/lib/libmd.a(sys.o)
intCB               0x4               /opt/toolchains/gen/m68k-elf/lib/libmd.a(sys.o)
screenWidth         0x2               /opt/toolchains/gen/m68k-elf/lib/libmd.a(vdp.o)
addressErrorCB      0x4               /opt/toolchains/gen/m68k-elf/lib/libmd.a(sys.o)
bmp_buffer_read     0x4               /opt/toolchains/gen/m68k-elf/lib/libmd.a(bmp.o)
VIntProcess         0x4               /opt/toolchains/gen/m68k-elf/lib/libmd.a(sys.o)
vdpSpriteCache      0x280             /opt/toolchains/gen/m68k-elf/lib/libmd.a(vdp_spr.o)
uploads             0x4               /opt/toolchains/gen/m68k-elf/lib/libmd.a(tile_cache.o)
ExtIntProcess       0x4               /opt/toolchains/gen/m68k-elf/lib/libmd.a(sys.o)
aplan_adr           0x2               /opt/toolchains/gen/m68k-elf/lib/libmd.a(vdp.o)
bplan_adr           0x2               /opt/toolchains/gen/m68k-elf/lib/libmd.a(vdp.o)
HIntProcess         0x4               /opt/toolchains/gen/m68k-elf/lib/libmd.a(sys.o)
privilegeViolationCB
                    0x4               /opt/toolchains/gen/m68k-elf/lib/libmd.a(sys.o)
pcState             0x4               /opt/toolchains/gen/m68k-elf/lib/libmd.a(sys.o)
ext1State           0x2               /opt/toolchains/gen/m68k-elf/lib/libmd.a(sys.o)
busErrorCB          0x4               /opt/toolchains/gen/m68k-elf/lib/libmd.a(sys.o)
VDPSpriteCache      0x4               /opt/toolchains/gen/m68k-elf/lib/libmd.a(sprite_eng.o)
internalHIntCB      0x4               /opt/toolchains/gen/m68k-elf/lib/libmd.a(sys.o)
window_adr          0x2               /opt/toolchains/gen/m68k-elf/lib/libmd.a(vdp.o)
addrState           0x4               /opt/toolchains/gen/m68k-elf/lib/libmd.a(sys.o)

Memory Configuration

Name             Origin             Length             Attributes
rom              0x0000000000000000 0x0000000000a00000
ram              0x0000000000ff0000 0x0000000000010000
*default*        0x0000000000000000 0xffffffffffffffff

Linker script and memory map

LOAD boot/sega.o
LOAD /opt/toolchains/gen/m68k-elf/lib/libmd.a
LOAD /opt/toolchains/gen/m68k-elf/lib/gcc/m68k-elf/4.8.2/libgcc.a
LOAD src/baseview.o
LOAD src/simpletextview.o
LOAD src/main.o
LOAD src/jsmn.o
LOAD /opt/toolchains/gen/m68k-elf/lib/libmd.a
LOAD /opt/toolchains/gen/m68k-elf/m68k-elf/lib/libc.a
LOAD /opt/toolchains/gen/m68k-elf/lib/gcc/m68k-elf/4.8.2/libgcc.a
LOAD /opt/toolchains/gen/m68k-elf/m68k-elf/lib/libnosys.a
LOAD /opt/toolchains/gen/m68k-elf/m68k-elf/lib/libm.a
                0x0000000000000000                __DYNAMIC = 0x0
                0x0000000001000000                PROVIDE (__stack, 0x1000000)

.text           0x0000000000000000    0x13e00
 *(.text .text.*)
 .text          0x0000000000000000      0x50e boot/sega.o
 *fill*         0x000000000000050e        0x2 
 .text          0x0000000000000510      0x990 /opt/toolchains/gen/m68k-elf/lib/libmd.a(sys.o)
                0x0000000000000510                _trace_callback
                0x0000000000000512                _line1x1x_callback
                0x0000000000000514                _int_callback
                0x0000000000000516                _extint_callback
                0x0000000000000904                _buserror_callback
                0x000000000000092c                _addresserror_callback
                0x00000000000009e0                _illegalinst_callback
                0x0000000000000a08                _chkinst_callback
                0x0000000000000a30                _trapvinst_callback
                0x0000000000000a58                _vint_callback
                0x0000000000000b3a                _hint_callback
                0x0000000000000c6a                _zerodivide_callback
                0x0000000000000c92                _privilegeviolation_callback
                0x0000000000000cba                _errorexception_callback
                0x0000000000000ce2                _start_entry
                0x0000000000000d96                _reset_entry
                0x0000000000000da6                SYS_disableInts
                0x0000000000000dd6                SYS_enableInts
                0x0000000000000e02                SYS_setVIntCallback
                0x0000000000000e0c                SYS_setHIntCallback
                0x0000000000000e16                SYS_setExtIntCallback
                0x0000000000000e20                SYS_isInVIntCallback
                0x0000000000000e2c                SYS_isInHIntCallback
                0x0000000000000e38                SYS_isInExtIntCallback
                0x0000000000000e44                SYS_isInInterrupt
                0x0000000000000e4c                SYS_die
 .text          0x0000000000000ea0      0x886 /opt/toolchains/gen/m68k-elf/lib/libmd.a(vdp.o)
                0x0000000000000ea0                VDP_getReg
                0x0000000000000ec0                VDP_setReg
                0x0000000000001018                VDP_getEnable
                0x0000000000001024                VDP_setEnable
                0x0000000000001050                VDP_getScanlineNumber
                0x0000000000001066                VDP_getScreenHeight
                0x000000000000106e                VDP_setScreenHeight224
                0x0000000000001094                VDP_setScreenHeight240
                0x00000000000010c6                VDP_getScreenWidth
                0x00000000000010ce                VDP_setScreenWidth256
                0x00000000000010f4                VDP_setScreenWidth320
                0x000000000000111a                VDP_getPlanWidth
                0x000000000000112e                VDP_getPlanHeight
                0x0000000000001140                VDP_setPlanSize
                0x0000000000001174                VDP_getVerticalScrollingMode
                0x0000000000001182                VDP_getHorizontalScrollingMode
                0x000000000000118e                VDP_setScrollingMode
                0x00000000000011c0                VDP_getBackgroundColor
                0x00000000000011c8                VDP_setBackgroundColor
                0x00000000000011e6                VDP_getAutoInc
                0x00000000000011ee                VDP_setAutoInc
                0x0000000000001208                VDP_setHInterrupt
                0x0000000000001234                VDP_setHilightShadow
                0x0000000000001260                VDP_getHIntCounter
                0x0000000000001268                VDP_setHIntCounter
                0x0000000000001282                VDP_getAPlanAddress
                0x000000000000128a                VDP_getBPlanAddress
                0x0000000000001292                VDP_getWindowAddress
                0x000000000000129a                VDP_getWindowPlanAddress
                0x00000000000012a2                VDP_getSpriteListAddress
                0x00000000000012aa                VDP_getHScrollTableAddress
                0x00000000000012b2                VDP_setAPlanAddress
                0x00000000000012d6                VDP_setWindowAddress
                0x0000000000001318                VDP_setWindowPlanAddress
                0x0000000000001328                VDP_setBPlanAddress
                0x000000000000134c                VDP_setSpriteListAddress
                0x000000000000138e                VDP_setHScrollTableAddress
                0x00000000000013b4                VDP_setScanMode
                0x00000000000013fc                VDP_waitDMACompletion
                0x000000000000140a                VDP_init
                0x000000000000160c                VDP_waitFIFOEmpty
                0x000000000000161a                VDP_waitVSync
                0x0000000000001634                VDP_resetScreen
                0x00000000000016a8                VDP_showFPS
 *fill*         0x0000000000001726        0x2 
 .text          0x0000000000001728     0x1552 /opt/toolchains/gen/m68k-elf/lib/libmd.a(tools.o)
                0x0000000000001728                getFPS
                0x0000000000001790                getFPS_f
                0x0000000000001812                KLog
                0x0000000000001836                KLog_U1
                0x0000000000001882                KLog_U2
                0x00000000000018f0                KLog_U3
                0x000000000000197c                KLog_U4
                0x0000000000001a24                KLog_U1x
                0x0000000000001a74                KLog_U2x
                0x0000000000001ae4                KLog_U3x
                0x0000000000001b70                KLog_U4x
                0x0000000000001c16                KLog_S1
                0x0000000000001c62                KLog_S2
                0x0000000000001cd0                KLog_S3
                0x0000000000001d5c                KLog_S4
                0x0000000000001e04                KLog_S1x
                0x0000000000001e54                KLog_S2x
                0x0000000000001ec4                KLog_S3x
                0x0000000000001f50                KLog_S4x
                0x0000000000001ff6                KLog_f1
                0x0000000000002046                KLog_f2
                0x00000000000020bc                KLog_f3
                0x0000000000002154                KLog_f4
                0x000000000000220c                KLog_f1x
                0x0000000000002260                KLog_f2x
                0x00000000000022d8                KLog_f3x
                0x0000000000002370                KLog_f4x
                0x0000000000002426                KLog_F1
                0x0000000000002472                KLog_F2
                0x00000000000024e0                KLog_F3
                0x000000000000256c                KLog_F4
                0x0000000000002614                KLog_F1x
                0x0000000000002664                KLog_F2x
                0x00000000000026d4                KLog_F3x
                0x0000000000002760                KLog_F4x
                0x0000000000002806                allocateBitmap
                0x0000000000002862                allocateTileSet
                0x00000000000028a2                allocateMap
                0x00000000000028e8                allocateImage
                0x00000000000029c0                rle4b_unpack
                0x0000000000002a04                rlemap_unpack
                0x0000000000002a88                unpack
                0x0000000000002ad0                unpackBitmap
                0x0000000000002b22                unpackTileSet
                0x0000000000002b68                unpackMap
                0x0000000000002bb4                unpackImage
                0x0000000000002c06                rle4b_unpackVRam
 *fill*         0x0000000000002c7a        0x2 
 .text          0x0000000000002c7c      0x236 /opt/toolchains/gen/m68k-elf/lib/libmd.a(memory.o)
                0x0000000000002c7c                MEM_init
                0x0000000000002ca4                MEM_getFree
                0x0000000000002cce                MEM_free
                0x0000000000002ce0                MEM_alloc
                0x0000000000002dbe                memcpyU16
                0x0000000000002ddc                memcpyU32
                0x0000000000002dfc                fastMemset
                0x0000000000002e1c                fastMemsetU16
                0x0000000000002e3c                fastMemsetU32
                0x0000000000002e58                fastMemcpy
                0x0000000000002e74                fastMemcpyU16
                0x0000000000002e92                fastMemcpyU32
 *fill*         0x0000000000002eb2        0x2 
 .text          0x0000000000002eb4      0x1d4 /opt/toolchains/gen/m68k-elf/lib/libmd.a(timer.o)
                0x0000000000002eb4                getSubTick
                0x0000000000002f06                getTick
                0x0000000000002f32                getTime
                0x0000000000002f54                getTimeAsFix32
                0x0000000000002f68                startTimer
                0x0000000000002f8a                getTimer
                0x0000000000002fce                waitSubTick
                0x0000000000003016                waitTick
                0x0000000000003058                waitMs
 .text          0x0000000000003088      0x588 /opt/toolchains/gen/m68k-elf/lib/libmd.a(z80_ctrl.o)
                0x0000000000003088                Z80_isBusTaken
                0x000000000000309a                Z80_requestBus
                0x00000000000030cc                Z80_releaseBus
                0x00000000000030d6                Z80_startReset
                0x00000000000030e0                Z80_endReset
                0x00000000000030ea                Z80_setBank
                0x00000000000030fe                Z80_init
                0x0000000000003116                Z80_read
                0x0000000000003128                Z80_write
                0x000000000000313c                Z80_clear
                0x00000000000031b4                Z80_upload
                0x0000000000003228                Z80_download
                0x0000000000003280                Z80_getLoadedDriver
                0x0000000000003288                Z80_unloadDriver
                0x00000000000032aa                Z80_loadCustomDriver
                0x00000000000032de                Z80_isDriverReady
                0x0000000000003314                Z80_loadDriver
 .text          0x0000000000003610      0x1f2 /opt/toolchains/gen/m68k-elf/lib/libmd.a(ym2612.o)
                0x0000000000003610                YM2612_read
                0x000000000000362a                YM2612_write
                0x000000000000364e                YM2612_reset
                0x0000000000003738                YM2612_writeSafe
                0x0000000000003750                YM2612_writeReg
                0x00000000000037a2                YM2612_writeRegSafe
                0x00000000000037c4                YM2612_enableDAC
                0x00000000000037e4                YM2612_disableDAC
 *fill*         0x0000000000003802        0x2 
 .text          0x0000000000003804      0x654 /opt/toolchains/gen/m68k-elf/lib/libmd.a(vdp_pal.o)
                0x00000000000038ce                VDP_getPaletteColor
                0x0000000000003902                VDP_setPaletteColor
                0x0000000000003940                VDP_doStepFading
                0x0000000000003a1a                VDP_initFading
                0x0000000000003b70                VDP_interruptFade
                0x0000000000003b82                VDP_fade
                0x0000000000003bf2                VDP_fadeTo
                0x0000000000003c52                VDP_fadeOut
                0x0000000000003c82                VDP_fadeIn
                0x0000000000003cb6                VDP_fadePal
                0x0000000000003cf2                VDP_fadePalTo
                0x0000000000003d2a                VDP_fadePalOut
                0x0000000000003d64                VDP_fadePalIn
                0x0000000000003da2                VDP_fadeAll
                0x0000000000003dca                VDP_fadeAllTo
                0x0000000000003dee                VDP_fadeOutAll
                0x0000000000003e14                VDP_fadeInAll
                0x0000000000003e3e                VDP_isDoingFade
                0x0000000000003e4a                VDP_waitFadeCompletion
 .text          0x0000000000003e58      0x114 /opt/toolchains/gen/m68k-elf/lib/libmd.a(psg.o)
                0x0000000000003e58                PSG_init
                0x0000000000003e84                PSG_write
                0x0000000000003e8e                PSG_setEnvelope
                0x0000000000003eae                PSG_setTone
                0x0000000000003ede                PSG_setFrequency
                0x0000000000003f44                PSG_setNoise
 .text          0x0000000000003f6c        0x0 /opt/toolchains/gen/m68k-elf/lib/libmd.a(z80_vgm.o)
 .text          0x0000000000003f6c      0xb8e /opt/toolchains/gen/m68k-elf/lib/libmd.a(vdp_tile.o)
                0x0000000000003f6c                VDP_loadTileSet
                0x0000000000004010                VDP_loadFontData
                0x0000000000004040                VDP_loadFont
                0x0000000000004066                VDP_loadBMPTileDataEx
                0x00000000000040ba                VDP_fillTileData
                0x0000000000004174                VDP_setTileMap
                0x00000000000041b2                VDP_setTileMapXY
                0x0000000000004218                VDP_fillTileMap
                0x00000000000042b4                VDP_fillTileMapRectByIndex
                0x00000000000042de                VDP_fillTileMapRect
                0x0000000000004384                VDP_clearTileMap
                0x00000000000043d8                VDP_clearTileMapRectByIndex
                0x0000000000004402                VDP_clearTileMapRect
                0x0000000000004436                VDP_fillTileMapInc
                0x0000000000004500                VDP_fillTileMapRectIncByIndex
                0x000000000000452a                VDP_fillTileMapRectInc
                0x00000000000045d6                VDP_setTileMapData
                0x00000000000046ba                VDP_setTileMapRectByIndex
                0x00000000000046e8                VDP_setTileMapDataRect
                0x00000000000047a0                VDP_setTileMapDataEx
                0x0000000000004892                VDP_setTileMapRectExByIndex
                0x00000000000048c4                VDP_setTileMapDataRectEx
                0x00000000000049aa                VDP_setTileMapRectEx
                0x00000000000049ee                VDP_setMapEx
                0x0000000000004ab6                VDP_setMap
 *fill*         0x0000000000004afa        0x2 
 .text          0x0000000000004afc      0x3ec /opt/toolchains/gen/m68k-elf/lib/libmd.a(vdp_spr.o)
                0x0000000000004afc                VDP_resetSprites
                0x0000000000004b14                VDP_resetSpritesDirect
                0x0000000000004b56                VDP_setSprite
                0x0000000000004bb2                VDP_setSpriteP
                0x0000000000004bfe                VDP_setSpriteDirect
                0x0000000000004c80                VDP_setSpriteDirectP
                0x0000000000004d02                VDP_setSpritePosition
                0x0000000000004d42                VDP_setSpritesDirect
                0x0000000000004dd4                VDP_setSprites
                0x0000000000004e46                VDP_updateSprites
 .text          0x0000000000004ee8        0x0 /opt/toolchains/gen/m68k-elf/lib/libmd.a(tab_cnv.o)
 .text          0x0000000000004ee8      0x266 /opt/toolchains/gen/m68k-elf/lib/libmd.a(vdp_dma.o)
                0x0000000000004ee8                VDP_doDMAEx
                0x0000000000005038                VDP_doDMA
                0x0000000000005062                VDP_doVRamDMAFill
                0x00000000000050d6                VDP_doVRamDMACopy
 *fill*         0x000000000000514e        0x2 
 .text          0x0000000000005150     0x111e /opt/toolchains/gen/m68k-elf/lib/libmd.a(bmp.o)
                0x00000000000052a4                BMP_end
                0x0000000000005308                BMP_hasFlipRequestPending
                0x0000000000005316                BMP_waitWhileFlipRequestPending
                0x0000000000005326                BMP_hasFlipInProgess
                0x0000000000005332                BMP_waitFlipComplete
                0x0000000000005342                BMP_flip
                0x0000000000005394                BMP_drawText
                0x00000000000053f2                BMP_clearText
                0x000000000000544e                BMP_clearTextLine
                0x000000000000548e                BMP_showFPS
                0x0000000000005560                BMP_clear
                0x0000000000005570                BMP_reset
                0x0000000000005692                BMP_init
                0x00000000000056d0                BMP_getWritePointer
                0x00000000000056f6                BMP_getReadPointer
                0x000000000000571c                BMP_getPixel
                0x0000000000005754                BMP_setPixel
                0x000000000000578c                BMP_setPixels_V2D
                0x00000000000057dc                BMP_setPixels
                0x0000000000005836                BMP_drawBitmapData
                0x00000000000058d8                BMP_drawBitmap
                0x00000000000059ac                BMP_loadBitmapData
                0x00000000000059de                BMP_loadBitmap
                0x0000000000005a04                BMP_getBitmapPalette
                0x0000000000005a20                BMP_scale
                0x0000000000005afa                BMP_drawBitmapScaled
                0x0000000000005c04                BMP_loadAndScaleBitmap
                0x0000000000005c3a                BMP_doVBlankProcess
                0x0000000000005c44                BMP_doHBlankProcess
 *fill*         0x000000000000626e        0x2 
 .text          0x0000000000006270      0x6ae /opt/toolchains/gen/m68k-elf/lib/libmd.a(tile_cache.o)
                0x0000000000006300                TC_init
                0x0000000000006338                TC_end
                0x00000000000063aa                TC_createCacheEx
                0x00000000000063f0                TC_createCache
                0x0000000000006412                TC_releaseCache
                0x0000000000006424                TC_clearCache
                0x0000000000006436                TC_flushCache
                0x0000000000006440                TC_alloc
                0x000000000000672a                TC_reAlloc
                0x00000000000067b6                TC_free
                0x0000000000006830                TC_getTileIndex
                0x000000000000687e                TC_uploadAtVBlank
                0x00000000000068b2                TC_doVBlankProcess
 *fill*         0x000000000000691e        0x2 
 .text          0x0000000000006920      0x804 /opt/toolchains/gen/m68k-elf/lib/libmd.a(vdp_bg.o)
                0x0000000000006920                VDP_setHorizontalScroll
                0x000000000000696c                VDP_setHorizontalScrollTile
                0x0000000000006a12                VDP_setHorizontalScrollLine
                0x0000000000006ab8                VDP_setVerticalScroll
                0x0000000000006af6                VDP_setVerticalScrollTile
                0x0000000000006b8c                VDP_clearPlan
                0x0000000000006c42                VDP_getTextPlan
                0x0000000000006c5e                VDP_getTextPalette
                0x0000000000006c6e                VDP_getTextPriority
                0x0000000000006c7a                VDP_setTextPlan
                0x0000000000006c9e                VDP_setTextPalette
                0x0000000000006cbe                VDP_setTextPriority
                0x0000000000006cdc                VDP_drawTextBG
                0x0000000000006d88                VDP_clearTextBG
                0x0000000000006dba                VDP_clearTextLineBG
                0x0000000000006df0                VDP_drawText
                0x0000000000006e24                VDP_clearText
                0x0000000000006e52                VDP_clearTextLine
                0x0000000000006e6e                VDP_drawBitmapEx
                0x0000000000006f7e                VDP_drawBitmap
                0x0000000000007006                VDP_drawImageEx
                0x00000000000070a6                VDP_drawImage
 *fill*         0x0000000000007124       0xdc 
 .text          0x0000000000007200       0x80 /opt/toolchains/gen/m68k-elf/lib/libmd.a(smp_null_pcm.o)
                0x0000000000007200                smp_null_pcm
 .text          0x0000000000007280      0x102 /opt/toolchains/gen/m68k-elf/lib/libmd.a(vdp_tile_a.o)
                0x0000000000007280                VDP_loadTileData
                0x00000000000072fc                VDP_loadBMPTileData
 *fill*         0x0000000000007382        0x2 
 .text          0x0000000000007384      0x1b8 /opt/toolchains/gen/m68k-elf/lib/libmd.a(memory_a.o)
                0x0000000000007384                memset
                0x00000000000073fc                memsetU16
                0x000000000000745a                memsetU32
                0x0000000000007498                memcpy
 .text          0x000000000000753c      0x15c /opt/toolchains/gen/m68k-elf/lib/libmd.a(vdp_pal_a.o)
                0x000000000000753c                VDP_getPaletteColors
                0x00000000000075a2                VDP_setPaletteColors
                0x0000000000007608                VDP_getPalette
                0x0000000000007650                VDP_setPalette
 .text          0x0000000000007698       0x48 /opt/toolchains/gen/m68k-elf/lib/libmd.a(sys_a.o)
                0x0000000000007698                SYS_assertReset
                0x000000000000769c                SYS_reset
                0x00000000000076aa                SYS_getInterruptMaskLevel
                0x00000000000076b4                SYS_setInterruptMaskLevel
                0x00000000000076c6                SYS_getAndSetInterruptMaskLevel
 .text          0x00000000000076e0       0x88 /opt/toolchains/gen/m68k-elf/lib/libmd.a(kdebug.o)
                0x00000000000076e0                KDebug_Halt
                0x00000000000076ea                KDebug_Alert
                0x0000000000007706                KDebug_AlertNumber
                0x0000000000007754                KDebug_StartTimer
                0x000000000000775e                KDebug_StopTimer
 .text          0x0000000000007768     0x13f8 /opt/toolchains/gen/m68k-elf/lib/libmd.a(bmp_a.o)
                0x0000000000007768                clearBitmapBuffer
                0x00000000000078aa                BMP_clipLine
                0x00000000000078c6                BMP_drawLine
                0x0000000000007936                BMP_isPolygonCulled
                0x0000000000008264                BMP_drawPolygon
 *fill*         0x0000000000008b60       0xa0 
 .text          0x0000000000008c00      0x100 /opt/toolchains/gen/m68k-elf/lib/libmd.a(smp_null.o)
                0x0000000000008c00                smp_null
 .text          0x0000000000008d00       0xa8 /opt/toolchains/gen/m68k-elf/lib/libmd.a(tools_a.o)
                0x0000000000008d00                aplib_unpack
                0x0000000000008d06                aplib_decrunch
 .text          0x0000000000008da8      0xb20 /opt/toolchains/gen/m68k-elf/lib/libmd.a(z80_drv1.o)
                0x0000000000008da8                z80_drv1
 .text          0x00000000000098c8      0x69e /opt/toolchains/gen/m68k-elf/lib/libmd.a(z80_tfm.o)
                0x00000000000098c8                z80_tfm
 *fill*         0x0000000000009f66        0x2 
 .text          0x0000000000009f68      0xe00 /opt/toolchains/gen/m68k-elf/lib/libmd.a(z80_drv2.o)
                0x0000000000009f68                z80_drv2
 .text          0x000000000000ad68      0xa56 /opt/toolchains/gen/m68k-elf/lib/libmd.a(z80_drv3.o)
                0x000000000000ad68                z80_drv3
 *fill*         0x000000000000b7be        0x2 
 .text          0x000000000000b7c0     0x1700 /opt/toolchains/gen/m68k-elf/lib/libmd.a(z80_xgm.o)
                0x000000000000b7c0                z80_xgm
 .text          0x000000000000cec0      0xa5c /opt/toolchains/gen/m68k-elf/lib/libmd.a(z80_mvs.o)
                0x000000000000cec0                z80_mvs
 .text          0x000000000000d91c        0x0 /opt/toolchains/gen/m68k-elf/lib/libmd.a(libres.o)
 .text          0x000000000000d91c        0x0 /opt/toolchains/gen/m68k-elf/lib/libmd.a(tab_vol.o)
 .text          0x000000000000d91c      0x656 /opt/toolchains/gen/m68k-elf/lib/libmd.a(maths.o)
                0x000000000000d91c                random
                0x000000000000d93c                intToBCD
                0x000000000000d9d0                distance_approx
                0x000000000000da22                Partition_u8
                0x000000000000daa4                QSort_u8
                0x000000000000daf2                Partition_s8
                0x000000000000db74                QSort_s8
                0x000000000000dbc2                Partition_u16
                0x000000000000dc52                QSort_u16
                0x000000000000dca0                Partition_s16
                0x000000000000dd30                QSort_s16
                0x000000000000dd7e                Partition_u32
                0x000000000000de2a                QSort_u32
                0x000000000000de78                Partition_s32
                0x000000000000df24                QSort_s32
 *fill*         0x000000000000df72        0x2 
 .text          0x000000000000df74      0x89c /opt/toolchains/gen/m68k-elf/lib/libmd.a(sprite_eng.o)
                0x000000000000e0ee                SPR_end
                0x000000000000e15c                SPR_init
                0x000000000000e1d8                SPR_isInitialized
                0x000000000000e1e4                SPR_setPosition
                0x000000000000e21c                SPR_setAttribut
                0x000000000000e23e                SPR_setAnimAndFrame
                0x000000000000e2aa                SPR_initSprite
                0x000000000000e30a                SPR_setAnim
                0x000000000000e362                SPR_setFrame
                0x000000000000e3be                SPR_nextFrame
                0x000000000000e3e4                SPR_setVRAMTileIndex
                0x000000000000e40c                SPR_setAlwaysVisible
                0x000000000000e432                SPR_setNeverVisible
                0x000000000000e458                SPR_clear
                0x000000000000e46e                SPR_update
                0x000000000000e7d4                SPR_doVBlankProcess
 .text          0x000000000000e810      0x33a /opt/toolchains/gen/m68k-elf/lib/libmd.a(string.o)
                0x000000000000e810                strlen
                0x000000000000e8fc                strcmp
                0x000000000000e91c                strclr
                0x000000000000e926                strcpy
                0x000000000000e938                strcat
                0x000000000000e952                intToStr
                0x000000000000e980                uintToStr
                0x000000000000e99c                intToHex
                0x000000000000ea50                fix32ToStr
                0x000000000000ead0                fix16ToStr
 *fill*         0x000000000000eb4a        0x2 
 .text          0x000000000000eb4c     0x1804 /opt/toolchains/gen/m68k-elf/lib/libmd.a(joy.o)
                0x000000000000f5e4                JOY_setEventHandler
                0x000000000000f5ee                JOY_setSupport
                0x000000000000fa26                JOY_init
                0x000000000000fd66                JOY_getPortType
                0x000000000000fd86                JOY_getJoypadType
                0x000000000000fda6                JOY_readJoypad
                0x000000000000fdf6                JOY_readJoypadX
                0x000000000000fe18                JOY_readJoypadY
                0x000000000000fe3a                JOY_update
                0x000000000001025c                JOY_waitPressTime
                0x0000000000010302                JOY_waitPressBtn
                0x0000000000010318                JOY_waitPressBtnTime
                0x0000000000010334                JOY_waitPress
 .text          0x0000000000010350        0xc /opt/toolchains/gen/m68k-elf/lib/libmd.a(types.o)
                0x0000000000010350                getZeroU8
                0x0000000000010354                getZeroU16
                0x0000000000010358                getZeroU32
 .text          0x000000000001035c       0x22 /opt/toolchains/gen/m68k-elf/lib/gcc/m68k-elf/4.8.2/libgcc.a(_mulsi3.o)
                0x000000000001035c                __mulsi3
 *fill*         0x000000000001037e        0x2 
 .text          0x0000000000010380       0x5c /opt/toolchains/gen/m68k-elf/lib/gcc/m68k-elf/4.8.2/libgcc.a(_udivsi3.o)
                0x0000000000010380                __udivsi3
 .text          0x00000000000103dc       0x2e /opt/toolchains/gen/m68k-elf/lib/gcc/m68k-elf/4.8.2/libgcc.a(_divsi3.o)
                0x00000000000103dc                __divsi3
 *fill*         0x000000000001040a        0x2 
 .text          0x000000000001040c       0x2e /opt/toolchains/gen/m68k-elf/lib/gcc/m68k-elf/4.8.2/libgcc.a(_umodsi3.o)
                0x000000000001040c                __umodsi3
 *fill*         0x000000000001043a        0x2 
 .text          0x000000000001043c       0x56 src/baseview.o
                0x000000000001043c                BaseView_ctor
                0x0000000000010460                BaseView_testa
                0x000000000001046e                BaseView_render
 *fill*         0x0000000000010492        0x2 
 .text          0x0000000000010494       0x66 src/simpletextview.o
                0x0000000000010494                SimpleTextView_ctor
                0x00000000000104cc                SimpleTextView_render
 *fill*         0x00000000000104fa        0x2 
 .text          0x00000000000104fc        0x0 src/main.o
 .text.startup  0x00000000000104fc       0x3c src/main.o
                0x00000000000104fc                main
 .text          0x0000000000010538      0x4ba src/jsmn.o
                0x0000000000010538                jsmn_parse
                0x00000000000109e0                jsmn_init
                0x00000000000109f4                . = ALIGN (0x4)
 *fill*         0x00000000000109f2        0x2 
                0x00000000000109f4                __CTOR_LIST__ = .
                0x00000000000109f4        0x4 LONG 0x0 (((__CTOR_END__ - __CTOR_LIST__) / 0x4) - 0x2)
 *(.ctors)
                0x00000000000109f8        0x4 LONG 0x0
                0x00000000000109fc                __CTOR_END__ = .
                0x00000000000109fc                __DTOR_LIST__ = .
                0x00000000000109fc        0x4 LONG 0x0 (((__DTOR_END__ - __DTOR_LIST__) / 0x4) - 0x2)
 *(.dtors)
                0x0000000000010a00        0x4 LONG 0x0
                0x0000000000010a04                __DTOR_END__ = .
 *(.rodata .rodata.*)
 .rodata.str1.1
                0x0000000000010a04      0x13e /opt/toolchains/gen/m68k-elf/lib/libmd.a(sys.o)
 .rodata.str1.1
                0x0000000000010b42       0x21 /opt/toolchains/gen/m68k-elf/lib/libmd.a(vdp.o)
                                         0x4c (size before relaxing)
 *fill*         0x0000000000010b63        0x1 
 .rodata        0x0000000000010b64        0x4 /opt/toolchains/gen/m68k-elf/lib/libmd.a(vdp.o)
                0x0000000000010b64                PLAN_A
                0x0000000000010b66                PLAN_B
 .rodata.str1.1
                0x0000000000000000        0x2 /opt/toolchains/gen/m68k-elf/lib/libmd.a(tools.o)
 .rodata        0x0000000000010b68      0x104 /opt/toolchains/gen/m68k-elf/lib/libmd.a(vdp_pal.o)
                0x0000000000010b68                palette_blue
                0x0000000000010b88                palette_green
                0x0000000000010ba8                palette_red
                0x0000000000010bc8                palette_grey
                0x0000000000010be8                palette_black
                0x0000000000010bec                palette_black_all
 .rodata        0x0000000000010c6c      0xe40 /opt/toolchains/gen/m68k-elf/lib/libmd.a(z80_vgm.o)
                0x0000000000010c6c                z80_vgm
 .rodata        0x0000000000011aac      0x6f4 /opt/toolchains/gen/m68k-elf/lib/libmd.a(tab_cnv.o)
                0x0000000000011aac                cnv_bcd_tab
                0x0000000000011b10                cnv_8to32_tab
                0x0000000000011f10                cnv_8to16_tab
                0x0000000000012110                cnv_4to32_tab
                0x0000000000012150                cnv_4to16_tab
                0x0000000000012170                cnv_4to8_tab
                0x0000000000012180                cnv_2to32_tab
                0x0000000000012190                cnv_2to16_tab
                0x0000000000012198                cnv_2to8_tab
                0x000000000001219c                cnv_2to4_tab
 .rodata        0x00000000000121a0      0xc40 /opt/toolchains/gen/m68k-elf/lib/libmd.a(libres.o)
                0x0000000000012b46                logo_lib
                0x0000000000012db0                font_lib
                0x0000000000012dd8                font_pal_lib
 .rodata        0x0000000000012de0     0x1000 /opt/toolchains/gen/m68k-elf/lib/libmd.a(tab_vol.o)
                0x0000000000012de0                tab_vol
 .rodata        0x0000000000013de0       0x18 /opt/toolchains/gen/m68k-elf/lib/libmd.a(joy.o)
 .rodata.str1.1
                0x0000000000013df8        0x3 src/main.o
 *(.gcc_except_table .gcc_except_table.*)
                0x0000000000013dfc                . = ALIGN (0x4)
 *fill*         0x0000000000013dfb        0x1 
                0x0000000000013dfc                __INIT_SECTION__ = .
 *(.init)
                0x0000000000013dfc        0x2 SHORT 0x4e75
                0x0000000000013dfe                __FINI_SECTION__ = .
 *(.fini)
                0x0000000000013dfe        0x2 SHORT 0x4e75
                0x0000000000013e00                _etext = .
 *(.lit)
                0x0000000000013e00                _stext = SIZEOF (.text)

.data           0x0000000000ff0000       0x18 load address 0x0000000000013e00
 *(.got.plt)
 *(.got)
 *(.shdata)
 *(.data .data.*)
 .data          0x0000000000ff0000        0x0 boot/sega.o
 .data          0x0000000000ff0000        0x0 /opt/toolchains/gen/m68k-elf/lib/libmd.a(sys.o)
 .data          0x0000000000ff0000        0x0 /opt/toolchains/gen/m68k-elf/lib/libmd.a(vdp.o)
 .data          0x0000000000ff0000        0x0 /opt/toolchains/gen/m68k-elf/lib/libmd.a(tools.o)
 .data          0x0000000000ff0000        0x0 /opt/toolchains/gen/m68k-elf/lib/libmd.a(memory.o)
 .data          0x0000000000ff0000        0x0 /opt/toolchains/gen/m68k-elf/lib/libmd.a(timer.o)
 .data          0x0000000000ff0000        0x0 /opt/toolchains/gen/m68k-elf/lib/libmd.a(z80_ctrl.o)
 .data          0x0000000000ff0000        0x0 /opt/toolchains/gen/m68k-elf/lib/libmd.a(ym2612.o)
 .data          0x0000000000ff0000        0x0 /opt/toolchains/gen/m68k-elf/lib/libmd.a(vdp_pal.o)
 .data          0x0000000000ff0000        0x0 /opt/toolchains/gen/m68k-elf/lib/libmd.a(psg.o)
 .data          0x0000000000ff0000        0x0 /opt/toolchains/gen/m68k-elf/lib/libmd.a(z80_vgm.o)
 .data          0x0000000000ff0000        0x0 /opt/toolchains/gen/m68k-elf/lib/libmd.a(vdp_tile.o)
 .data          0x0000000000ff0000        0x0 /opt/toolchains/gen/m68k-elf/lib/libmd.a(vdp_spr.o)
 .data          0x0000000000ff0000        0x0 /opt/toolchains/gen/m68k-elf/lib/libmd.a(tab_cnv.o)
 .data          0x0000000000ff0000        0x0 /opt/toolchains/gen/m68k-elf/lib/libmd.a(vdp_dma.o)
 .data          0x0000000000ff0000        0x0 /opt/toolchains/gen/m68k-elf/lib/libmd.a(bmp.o)
 .data          0x0000000000ff0000        0x0 /opt/toolchains/gen/m68k-elf/lib/libmd.a(tile_cache.o)
 .data          0x0000000000ff0000        0x0 /opt/toolchains/gen/m68k-elf/lib/libmd.a(vdp_bg.o)
 .data          0x0000000000ff0000        0x0 /opt/toolchains/gen/m68k-elf/lib/libmd.a(smp_null_pcm.o)
 .data          0x0000000000ff0000        0x0 /opt/toolchains/gen/m68k-elf/lib/libmd.a(vdp_tile_a.o)
 .data          0x0000000000ff0000        0x0 /opt/toolchains/gen/m68k-elf/lib/libmd.a(memory_a.o)
 .data          0x0000000000ff0000        0x0 /opt/toolchains/gen/m68k-elf/lib/libmd.a(vdp_pal_a.o)
 .data          0x0000000000ff0000        0x0 /opt/toolchains/gen/m68k-elf/lib/libmd.a(sys_a.o)
 .data          0x0000000000ff0000        0x0 /opt/toolchains/gen/m68k-elf/lib/libmd.a(kdebug.o)
 .data          0x0000000000ff0000        0x0 /opt/toolchains/gen/m68k-elf/lib/libmd.a(bmp_a.o)
 .data          0x0000000000ff0000        0x0 /opt/toolchains/gen/m68k-elf/lib/libmd.a(smp_null.o)
 .data          0x0000000000ff0000        0x0 /opt/toolchains/gen/m68k-elf/lib/libmd.a(tools_a.o)
 .data          0x0000000000ff0000        0x0 /opt/toolchains/gen/m68k-elf/lib/libmd.a(z80_drv1.o)
 .data          0x0000000000ff0000        0x0 /opt/toolchains/gen/m68k-elf/lib/libmd.a(z80_tfm.o)
 .data          0x0000000000ff0000        0x0 /opt/toolchains/gen/m68k-elf/lib/libmd.a(z80_drv2.o)
 .data          0x0000000000ff0000        0x0 /opt/toolchains/gen/m68k-elf/lib/libmd.a(z80_drv3.o)
 .data          0x0000000000ff0000        0x0 /opt/toolchains/gen/m68k-elf/lib/libmd.a(z80_xgm.o)
 .data          0x0000000000ff0000        0x0 /opt/toolchains/gen/m68k-elf/lib/libmd.a(z80_mvs.o)
 .data          0x0000000000ff0000        0x0 /opt/toolchains/gen/m68k-elf/lib/libmd.a(libres.o)
 .data          0x0000000000ff0000        0x0 /opt/toolchains/gen/m68k-elf/lib/libmd.a(tab_vol.o)
 .data          0x0000000000ff0000        0x0 /opt/toolchains/gen/m68k-elf/lib/libmd.a(maths.o)
 .data          0x0000000000ff0000        0x0 /opt/toolchains/gen/m68k-elf/lib/libmd.a(sprite_eng.o)
 .data          0x0000000000ff0000        0x0 /opt/toolchains/gen/m68k-elf/lib/libmd.a(string.o)
 .data          0x0000000000ff0000        0x0 /opt/toolchains/gen/m68k-elf/lib/libmd.a(joy.o)
 .data          0x0000000000ff0000        0x0 /opt/toolchains/gen/m68k-elf/lib/libmd.a(types.o)
 .data          0x0000000000ff0000        0x0 /opt/toolchains/gen/m68k-elf/lib/gcc/m68k-elf/4.8.2/libgcc.a(_mulsi3.o)
 .data          0x0000000000ff0000        0x0 /opt/toolchains/gen/m68k-elf/lib/gcc/m68k-elf/4.8.2/libgcc.a(_udivsi3.o)
 .data          0x0000000000ff0000        0x0 /opt/toolchains/gen/m68k-elf/lib/gcc/m68k-elf/4.8.2/libgcc.a(_divsi3.o)
 .data          0x0000000000ff0000        0x0 /opt/toolchains/gen/m68k-elf/lib/gcc/m68k-elf/4.8.2/libgcc.a(_umodsi3.o)
 .data          0x0000000000ff0000        0xc src/baseview.o
                0x0000000000ff0000                BaseView_table
 .data          0x0000000000ff000c        0xc src/simpletextview.o
                0x0000000000ff000c                SimpleTextView_table
 .data          0x0000000000ff0018        0x0 src/main.o
 .data          0x0000000000ff0018        0x0 src/jsmn.o
                0x0000000000ff0018                _edata = .
                0x0000000000000018                _sdata = SIZEOF (.data)

.bss            0x0000000000ff0018      0x7be load address 0x0000000000013e18
                0x0000000000ff0018                _start = .
 *(.shbss)
 *(.bss .bss.*)
 .bss           0x0000000000ff0018        0x0 boot/sega.o
 .bss           0x0000000000ff0018       0x10 /opt/toolchains/gen/m68k-elf/lib/libmd.a(sys.o)
 .bss           0x0000000000ff0028       0x13 /opt/toolchains/gen/m68k-elf/lib/libmd.a(vdp.o)
 *fill*         0x0000000000ff003b        0x1 
 .bss           0x0000000000ff003c       0x10 /opt/toolchains/gen/m68k-elf/lib/libmd.a(tools.o)
 .bss           0x0000000000ff004c        0x8 /opt/toolchains/gen/m68k-elf/lib/libmd.a(memory.o)
 .bss           0x0000000000ff0054       0x40 /opt/toolchains/gen/m68k-elf/lib/libmd.a(timer.o)
 .bss           0x0000000000ff0094        0x2 /opt/toolchains/gen/m68k-elf/lib/libmd.a(z80_ctrl.o)
 *fill*         0x0000000000ff0096        0x2 
 .bss           0x0000000000ff0098        0x0 /opt/toolchains/gen/m68k-elf/lib/libmd.a(ym2612.o)
 .bss           0x0000000000ff0098      0x386 /opt/toolchains/gen/m68k-elf/lib/libmd.a(vdp_pal.o)
 *fill*         0x0000000000ff041e        0x2 
 .bss           0x0000000000ff0420        0x0 /opt/toolchains/gen/m68k-elf/lib/libmd.a(psg.o)
 .bss           0x0000000000ff0420        0x0 /opt/toolchains/gen/m68k-elf/lib/libmd.a(z80_vgm.o)
 .bss           0x0000000000ff0420        0x0 /opt/toolchains/gen/m68k-elf/lib/libmd.a(vdp_tile.o)
 .bss           0x0000000000ff0420        0x0 /opt/toolchains/gen/m68k-elf/lib/libmd.a(vdp_spr.o)
 .bss           0x0000000000ff0420        0x0 /opt/toolchains/gen/m68k-elf/lib/libmd.a(tab_cnv.o)
 .bss           0x0000000000ff0420        0x0 /opt/toolchains/gen/m68k-elf/lib/libmd.a(vdp_dma.o)
 .bss           0x0000000000ff0420       0x14 /opt/toolchains/gen/m68k-elf/lib/libmd.a(bmp.o)
 .bss           0x0000000000ff0434        0x4 /opt/toolchains/gen/m68k-elf/lib/libmd.a(tile_cache.o)
 .bss           0x0000000000ff0438        0x0 /opt/toolchains/gen/m68k-elf/lib/libmd.a(vdp_bg.o)
 .bss           0x0000000000ff0438        0x0 /opt/toolchains/gen/m68k-elf/lib/libmd.a(smp_null_pcm.o)
 .bss           0x0000000000ff0438        0x0 /opt/toolchains/gen/m68k-elf/lib/libmd.a(vdp_tile_a.o)
 .bss           0x0000000000ff0438        0x0 /opt/toolchains/gen/m68k-elf/lib/libmd.a(memory_a.o)
 .bss           0x0000000000ff0438        0x0 /opt/toolchains/gen/m68k-elf/lib/libmd.a(vdp_pal_a.o)
 .bss           0x0000000000ff0438        0x0 /opt/toolchains/gen/m68k-elf/lib/libmd.a(sys_a.o)
 .bss           0x0000000000ff0438        0x0 /opt/toolchains/gen/m68k-elf/lib/libmd.a(kdebug.o)
 .bss           0x0000000000ff0438        0x0 /opt/toolchains/gen/m68k-elf/lib/libmd.a(bmp_a.o)
 .bss           0x0000000000ff0438        0x0 /opt/toolchains/gen/m68k-elf/lib/libmd.a(smp_null.o)
 .bss           0x0000000000ff0438        0x0 /opt/toolchains/gen/m68k-elf/lib/libmd.a(tools_a.o)
 .bss           0x0000000000ff0438        0x0 /opt/toolchains/gen/m68k-elf/lib/libmd.a(z80_drv1.o)
 .bss           0x0000000000ff0438        0x0 /opt/toolchains/gen/m68k-elf/lib/libmd.a(z80_tfm.o)
 .bss           0x0000000000ff0438        0x0 /opt/toolchains/gen/m68k-elf/lib/libmd.a(z80_drv2.o)
 .bss           0x0000000000ff0438        0x0 /opt/toolchains/gen/m68k-elf/lib/libmd.a(z80_drv3.o)
 .bss           0x0000000000ff0438        0x0 /opt/toolchains/gen/m68k-elf/lib/libmd.a(z80_xgm.o)
 .bss           0x0000000000ff0438        0x0 /opt/toolchains/gen/m68k-elf/lib/libmd.a(z80_mvs.o)
 .bss           0x0000000000ff0438        0x0 /opt/toolchains/gen/m68k-elf/lib/libmd.a(libres.o)
 .bss           0x0000000000ff0438        0x0 /opt/toolchains/gen/m68k-elf/lib/libmd.a(tab_vol.o)
 .bss           0x0000000000ff0438        0x0 /opt/toolchains/gen/m68k-elf/lib/libmd.a(maths.o)
 .bss           0x0000000000ff0438       0x12 /opt/toolchains/gen/m68k-elf/lib/libmd.a(sprite_eng.o)
 *fill*         0x0000000000ff044a        0x2 
 .bss           0x0000000000ff044c        0x0 /opt/toolchains/gen/m68k-elf/lib/libmd.a(string.o)
 .bss           0x0000000000ff044c       0x46 /opt/toolchains/gen/m68k-elf/lib/libmd.a(joy.o)
 *fill*         0x0000000000ff0492        0x2 
 .bss           0x0000000000ff0494        0x0 /opt/toolchains/gen/m68k-elf/lib/libmd.a(types.o)
 .bss           0x0000000000ff0494        0x0 /opt/toolchains/gen/m68k-elf/lib/gcc/m68k-elf/4.8.2/libgcc.a(_mulsi3.o)
 .bss           0x0000000000ff0494        0x0 /opt/toolchains/gen/m68k-elf/lib/gcc/m68k-elf/4.8.2/libgcc.a(_udivsi3.o)
 .bss           0x0000000000ff0494        0x0 /opt/toolchains/gen/m68k-elf/lib/gcc/m68k-elf/4.8.2/libgcc.a(_divsi3.o)
 .bss           0x0000000000ff0494        0x0 /opt/toolchains/gen/m68k-elf/lib/gcc/m68k-elf/4.8.2/libgcc.a(_umodsi3.o)
 .bss           0x0000000000ff0494        0x0 src/baseview.o
 .bss           0x0000000000ff0494        0x0 src/simpletextview.o
 .bss           0x0000000000ff0494        0x0 src/main.o
 .bss           0x0000000000ff0494        0x0 src/jsmn.o
 *(COMMON)
 COMMON         0x0000000000ff0494       0x94 /opt/toolchains/gen/m68k-elf/lib/libmd.a(sys.o)
                0x0000000000ff0494                illegalInstCB
                0x0000000000ff0498                errorExceptionCB
                0x0000000000ff049c                trapvInstCB
                0x0000000000ff04a0                chkInstCB
                0x0000000000ff04a4                registerState
                0x0000000000ff04e4                srState
                0x0000000000ff04e6                line1x1xCB
                0x0000000000ff04ea                ext2State
                0x0000000000ff04ec                traceCB
                0x0000000000ff04f0                intTrace
                0x0000000000ff04f2                zeroDivideCB
                0x0000000000ff04f6                internalExtIntCB
                0x0000000000ff04fa                internalVIntCB
                0x0000000000ff04fe                intCB
                0x0000000000ff0502                addressErrorCB
                0x0000000000ff0506                VIntProcess
                0x0000000000ff050a                ExtIntProcess
                0x0000000000ff050e                HIntProcess
                0x0000000000ff0512                privilegeViolationCB
                0x0000000000ff0516                pcState
                0x0000000000ff051a                ext1State
                0x0000000000ff051c                busErrorCB
                0x0000000000ff0520                internalHIntCB
                0x0000000000ff0524                addrState
 COMMON         0x0000000000ff0528        0xe /opt/toolchains/gen/m68k-elf/lib/libmd.a(vdp.o)
                0x0000000000ff0528                slist_adr
                0x0000000000ff052a                hscrl_adr
                0x0000000000ff052c                screenHeight
                0x0000000000ff052e                screenWidth
                0x0000000000ff0530                aplan_adr
                0x0000000000ff0532                bplan_adr
                0x0000000000ff0534                window_adr
 COMMON         0x0000000000ff0536        0x4 /opt/toolchains/gen/m68k-elf/lib/libmd.a(timer.o)
                0x0000000000ff0536                vtimer
 COMMON         0x0000000000ff053a      0x282 /opt/toolchains/gen/m68k-elf/lib/libmd.a(vdp_spr.o)
                0x0000000000ff053a                spriteNum
                0x0000000000ff053c                vdpSpriteCache
 COMMON         0x0000000000ff07bc        0x8 /opt/toolchains/gen/m68k-elf/lib/libmd.a(bmp.o)
                0x0000000000ff07bc                bmp_buffer_write
                0x0000000000ff07c0                bmp_buffer_read
 COMMON         0x0000000000ff07c4        0x4 /opt/toolchains/gen/m68k-elf/lib/libmd.a(tile_cache.o)
                0x0000000000ff07c4                uploads
 COMMON         0x0000000000ff07c8        0x8 /opt/toolchains/gen/m68k-elf/lib/libmd.a(vdp_bg.o)
                0x0000000000ff07c8                text_basetile
                0x0000000000ff07ca                curTileInd
                0x0000000000ff07cc                text_plan
 COMMON         0x0000000000ff07d0        0x2 /opt/toolchains/gen/m68k-elf/lib/libmd.a(maths.o)
                0x0000000000ff07d0                randbase
 COMMON         0x0000000000ff07d2        0x4 /opt/toolchains/gen/m68k-elf/lib/libmd.a(sprite_eng.o)
                0x0000000000ff07d2                VDPSpriteCache
                0x0000000000ff07d6                _bend = .
                0x0000000000ff07d6                end = _bend

.stab
 *(.stab)

.stabstr
 *(.stabstr)

.eh_frame
 *(.eh_frame)
OUTPUT(out.elf elf32-m68k)

.comment        0x0000000000000000       0x11
 .comment       0x0000000000000000       0x11 /opt/toolchains/gen/m68k-elf/lib/libmd.a(sys.o)
                                         0x12 (size before relaxing)
 .comment       0x0000000000000000       0x12 /opt/toolchains/gen/m68k-elf/lib/libmd.a(vdp.o)
 .comment       0x0000000000000000       0x12 /opt/toolchains/gen/m68k-elf/lib/libmd.a(tools.o)
 .comment       0x0000000000000000       0x12 /opt/toolchains/gen/m68k-elf/lib/libmd.a(memory.o)
 .comment       0x0000000000000000       0x12 /opt/toolchains/gen/m68k-elf/lib/libmd.a(timer.o)
 .comment       0x0000000000000000       0x12 /opt/toolchains/gen/m68k-elf/lib/libmd.a(z80_ctrl.o)
 .comment       0x0000000000000000       0x12 /opt/toolchains/gen/m68k-elf/lib/libmd.a(ym2612.o)
 .comment       0x0000000000000000       0x12 /opt/toolchains/gen/m68k-elf/lib/libmd.a(vdp_pal.o)
 .comment       0x0000000000000000       0x12 /opt/toolchains/gen/m68k-elf/lib/libmd.a(psg.o)
 .comment       0x0000000000000000       0x12 /opt/toolchains/gen/m68k-elf/lib/libmd.a(z80_vgm.o)
 .comment       0x0000000000000000       0x12 /opt/toolchains/gen/m68k-elf/lib/libmd.a(vdp_tile.o)
 .comment       0x0000000000000000       0x12 /opt/toolchains/gen/m68k-elf/lib/libmd.a(vdp_spr.o)
 .comment       0x0000000000000000       0x12 /opt/toolchains/gen/m68k-elf/lib/libmd.a(tab_cnv.o)
 .comment       0x0000000000000000       0x12 /opt/toolchains/gen/m68k-elf/lib/libmd.a(vdp_dma.o)
 .comment       0x0000000000000000       0x12 /opt/toolchains/gen/m68k-elf/lib/libmd.a(bmp.o)
 .comment       0x0000000000000000       0x12 /opt/toolchains/gen/m68k-elf/lib/libmd.a(tile_cache.o)
 .comment       0x0000000000000000       0x12 /opt/toolchains/gen/m68k-elf/lib/libmd.a(vdp_bg.o)
 .comment       0x0000000000000000       0x12 /opt/toolchains/gen/m68k-elf/lib/libmd.a(tab_vol.o)
 .comment       0x0000000000000000       0x12 /opt/toolchains/gen/m68k-elf/lib/libmd.a(maths.o)
 .comment       0x0000000000000000       0x12 /opt/toolchains/gen/m68k-elf/lib/libmd.a(sprite_eng.o)
 .comment       0x0000000000000000       0x12 /opt/toolchains/gen/m68k-elf/lib/libmd.a(string.o)
 .comment       0x0000000000000000       0x12 /opt/toolchains/gen/m68k-elf/lib/libmd.a(joy.o)
 .comment       0x0000000000000000       0x12 /opt/toolchains/gen/m68k-elf/lib/libmd.a(types.o)
 .comment       0x0000000000000000       0x12 src/baseview.o
 .comment       0x0000000000000000       0x12 src/simpletextview.o
 .comment       0x0000000000000000       0x12 src/main.o
 .comment       0x0000000000000000       0x12 src/jsmn.o

.debug_line     0x0000000000000000      0x1cd
 .debug_line    0x0000000000000000       0x6a /opt/toolchains/gen/m68k-elf/lib/gcc/m68k-elf/4.8.2/libgcc.a(_mulsi3.o)
 .debug_line    0x000000000000006a       0x83 /opt/toolchains/gen/m68k-elf/lib/gcc/m68k-elf/4.8.2/libgcc.a(_udivsi3.o)
 .debug_line    0x00000000000000ed       0x72 /opt/toolchains/gen/m68k-elf/lib/gcc/m68k-elf/4.8.2/libgcc.a(_divsi3.o)
 .debug_line    0x000000000000015f       0x6e /opt/toolchains/gen/m68k-elf/lib/gcc/m68k-elf/4.8.2/libgcc.a(_umodsi3.o)

.debug_info     0x0000000000000000      0x254
 .debug_info    0x0000000000000000       0x95 /opt/toolchains/gen/m68k-elf/lib/gcc/m68k-elf/4.8.2/libgcc.a(_mulsi3.o)
 .debug_info    0x0000000000000095       0x95 /opt/toolchains/gen/m68k-elf/lib/gcc/m68k-elf/4.8.2/libgcc.a(_udivsi3.o)
 .debug_info    0x000000000000012a       0x95 /opt/toolchains/gen/m68k-elf/lib/gcc/m68k-elf/4.8.2/libgcc.a(_divsi3.o)
 .debug_info    0x00000000000001bf       0x95 /opt/toolchains/gen/m68k-elf/lib/gcc/m68k-elf/4.8.2/libgcc.a(_umodsi3.o)

.debug_abbrev   0x0000000000000000       0x50
 .debug_abbrev  0x0000000000000000       0x14 /opt/toolchains/gen/m68k-elf/lib/gcc/m68k-elf/4.8.2/libgcc.a(_mulsi3.o)
 .debug_abbrev  0x0000000000000014       0x14 /opt/toolchains/gen/m68k-elf/lib/gcc/m68k-elf/4.8.2/libgcc.a(_udivsi3.o)
 .debug_abbrev  0x0000000000000028       0x14 /opt/toolchains/gen/m68k-elf/lib/gcc/m68k-elf/4.8.2/libgcc.a(_divsi3.o)
 .debug_abbrev  0x000000000000003c       0x14 /opt/toolchains/gen/m68k-elf/lib/gcc/m68k-elf/4.8.2/libgcc.a(_umodsi3.o)

.debug_aranges  0x0000000000000000       0x80
 .debug_aranges
                0x0000000000000000       0x20 /opt/toolchains/gen/m68k-elf/lib/gcc/m68k-elf/4.8.2/libgcc.a(_mulsi3.o)
 .debug_aranges
                0x0000000000000020       0x20 /opt/toolchains/gen/m68k-elf/lib/gcc/m68k-elf/4.8.2/libgcc.a(_udivsi3.o)
 .debug_aranges
                0x0000000000000040       0x20 /opt/toolchains/gen/m68k-elf/lib/gcc/m68k-elf/4.8.2/libgcc.a(_divsi3.o)
 .debug_aranges
                0x0000000000000060       0x20 /opt/toolchains/gen/m68k-elf/lib/gcc/m68k-elf/4.8.2/libgcc.a(_umodsi3.o)
